2026-06-25 02:04:17,728 [INFO] ============================================================
2026-06-25 02:04:17,729 [INFO] Flight Tracker: PDX → ANC (Alaska Airlines, Direct)
2026-06-25 02:04:17,729 [INFO] ============================================================
2026-06-25 02:04:17,760 [INFO] Fetching: https://www.google.com/travel/flights?q=Flights%20to%20ANC%20from%20PDX%20nonstop%20Alaska%20Airlines
2026-06-25 02:04:18,447 [INFO] Got 2140811 bytes
2026-06-25 02:04:18,569 [INFO] Extracted 1 prices: [377], 5 dates: ['Sep 17', 'Sep 23', 'September 17', 'September 18', 'Sep 18']
2026-06-25 02:04:18,570 [INFO] Airline found, Nonstop: True
2026-06-25 02:13:17,693 [INFO] ============================================================
2026-06-25 02:13:17,693 [INFO] Flight Tracker: PDX ↔ ANC Round Trip, 5-Day Trip
2026-06-25 02:13:17,693 [INFO] Airline: Alaska (Direct/Nonstop) | Target: $500
2026-06-25 02:13:17,693 [INFO] ============================================================
2026-06-25 02:13:17,694 [INFO] Fetching: https://www.google.com/travel/flights?q=Flights%20to%20ANC%20from%20PDX%20nonstop%20Alaska%20Airlines%20round%20trip&cur...
2026-06-25 02:13:18,658 [INFO] Got 2141488 bytes
2026-06-25 02:13:18,735 [INFO] Extracted 1 prices: [377], 5 dates
2026-06-25 02:13:18,735 [INFO] Airline found, Nonstop: True
2026-06-25 02:13:24,504 [INFO] ============================================================
2026-06-25 02:13:24,504 [INFO] Flight Tracker: PDX ↔ ANC Round Trip, 5-Day Trip
2026-06-25 02:13:24,504 [INFO] Airline: Alaska (Direct/Nonstop) | Target: $500
2026-06-25 02:13:24,505 [INFO] ============================================================
2026-06-25 02:13:24,536 [INFO] Fetching: https://www.google.com/travel/flights?q=Flights%20to%20ANC%20from%20PDX%20nonstop%20Alaska%20Airlines%20round%20trip&cur...
2026-06-25 02:13:25,056 [INFO] Got 2141306 bytes
2026-06-25 02:13:25,136 [INFO] Extracted 1 prices: [377], 5 dates
2026-06-25 02:13:25,137 [INFO] Airline found, Nonstop: True
2026-06-25 02:19:53,882 [INFO] ============================================================
2026-06-25 02:19:53,882 [INFO] Flight Tracker: PDX ↔ ANC Round Trip (5-day)
2026-06-25 02:19:53,882 [INFO] Airline: Alaska (Direct) | Target: $500
2026-06-25 02:19:53,882 [INFO] ============================================================
2026-06-25 02:19:54,003 [INFO] Fetching: https://www.google.com/travel/flights?q=Flights%20to%20ANC%20from%20PDX%20nonstop%20Alaska%20Airlines%20round%20trip&cur
2026-06-25 02:19:54,977 [INFO] Got 2141410 bytes
2026-06-25 02:20:26,985 [INFO] ============================================================
2026-06-25 02:20:26,985 [INFO] Flight Tracker: PDX ↔ ANC Round Trip (5-day)
2026-06-25 02:20:26,985 [INFO] Airline: Alaska (Direct) | Target: $500
2026-06-25 02:20:26,985 [INFO] ============================================================
2026-06-25 02:20:27,100 [INFO] Fetching: https://www.google.com/travel/flights?q=Flights%20to%20ANC%20from%20PDX%20nonstop%20Alaska%20Airlines%20round%20trip&cur
2026-06-25 02:20:28,046 [INFO] Got 2130236 bytes
2026-06-25 02:20:28,771 [INFO]   AS2111: no price found
2026-06-25 02:20:29,465 [INFO]   AS2231: no price found
2026-06-25 02:20:30,027 [INFO]   AS2232: no price found
2026-06-25 02:20:30,624 [INFO]   AS2112: no price found
2026-06-25 02:20:31,590 [INFO]   Browse: depart=2026-06-26 ret=2026-07-01 -> $1214
2026-06-25 02:20:32,529 [INFO]   Browse: depart=2026-07-11 ret=2026-07-16 -> $719
2026-06-25 02:20:33,197 [INFO]   Browse: depart=2026-07-26 ret=2026-07-31 -> $759
2026-06-25 02:20:34,126 [INFO]   Browse: depart=2026-08-10 ret=2026-08-15 -> $585
2026-06-25 02:22:49,748 [INFO] ============================================================
2026-06-25 02:22:49,748 [INFO] Flight Tracker: PDX ↔ ANC Round Trip (5-day)
2026-06-25 02:22:49,749 [INFO] Airline: Alaska (Direct) | Target: $500
2026-06-25 02:22:49,749 [INFO] ============================================================
2026-06-25 02:22:49,749 [INFO] Fetching: https://www.google.com/travel/flights?q=Flights%20to%20ANC%20from%20PDX%20nonstop%20Alaska%20Airlines%20round%20trip&cur
2026-06-25 02:22:50,453 [INFO] Got 2141537 bytes
2026-06-25 02:22:50,862 [INFO]   AS2111: no price found
2026-06-25 02:22:51,191 [INFO]   AS2231: no price found
2026-06-25 02:22:51,576 [INFO]   AS2232: no price found
2026-06-25 02:22:51,889 [INFO]   AS2112: no price found
2026-06-25 02:22:52,628 [INFO]   Browse: depart=2026-06-26 ret=2026-07-01 -> $1214
2026-06-25 02:22:53,397 [INFO]   Browse: depart=2026-07-11 ret=2026-07-16 -> $719
2026-06-25 02:22:53,991 [INFO]   Browse: depart=2026-07-26 ret=2026-07-31 -> $759
2026-06-25 02:22:54,649 [INFO]   Browse: depart=2026-08-10 ret=2026-08-15 -> $585
2026-06-25 02:22:54,657 [INFO] Dashboard data saved to /workspace/flight-tracker/data.json
2026-06-25 02:35:42,080 [INFO] ============================================================
2026-06-25 02:35:42,080 [INFO] Trip Tracker: PDX → ANC → PDX
2026-06-25 02:35:42,080 [INFO] Stay: 5 days (±1 day flexibility) | Target: $500
2026-06-25 02:35:42,080 [INFO] ============================================================
2026-06-25 02:35:42,181 [INFO] Fetching: PDX→ANC dep=2026-07-01 ret=2026-07-06
2026-06-25 02:35:43,267 [INFO]   ★ New best: depart=2026-07-01 ret=2026-07-06 5days $1049
2026-06-25 02:35:43,768 [INFO] Fetching: PDX→ANC dep=2026-07-01 ret=2026-07-05
2026-06-25 02:35:45,252 [INFO] Fetching: PDX→ANC dep=2026-07-01 ret=2026-07-07
2026-06-25 02:35:46,755 [INFO] Fetching: PDX→ANC dep=2026-07-02 ret=2026-07-07
2026-06-25 02:35:47,953 [INFO] Fetching: PDX→ANC dep=2026-07-02 ret=2026-07-06
2026-06-25 02:35:49,323 [INFO] Fetching: PDX→ANC dep=2026-07-02 ret=2026-07-08
2026-06-25 02:35:49,951 [INFO]   ★ New best: depart=2026-07-02 ret=2026-07-08 6days $949
2026-06-25 02:35:50,452 [INFO] Fetching: PDX→ANC dep=2026-07-03 ret=2026-07-08
2026-06-25 02:35:51,832 [INFO] Fetching: PDX→ANC dep=2026-07-03 ret=2026-07-07
2026-06-25 02:35:53,214 [INFO] Fetching: PDX→ANC dep=2026-07-03 ret=2026-07-09
2026-06-25 02:35:54,600 [INFO] Fetching: PDX→ANC dep=2026-07-06 ret=2026-07-11
2026-06-25 02:35:55,909 [INFO] Fetching: PDX→ANC dep=2026-07-06 ret=2026-07-10
2026-06-25 02:35:57,245 [INFO] Fetching: PDX→ANC dep=2026-07-06 ret=2026-07-12
2026-06-25 02:35:58,655 [INFO] Fetching: PDX→ANC dep=2026-07-07 ret=2026-07-12
2026-06-25 02:36:00,139 [INFO] Fetching: PDX→ANC dep=2026-07-07 ret=2026-07-11
2026-06-25 02:36:01,348 [INFO] Fetching: PDX→ANC dep=2026-07-07 ret=2026-07-13
2026-06-25 02:36:02,732 [INFO] Fetching: PDX→ANC dep=2026-07-08 ret=2026-07-13
2026-06-25 02:36:03,656 [INFO]   ★ New best: depart=2026-07-08 ret=2026-07-13 5days $809
2026-06-25 02:36:04,157 [INFO] Fetching: PDX→ANC dep=2026-07-08 ret=2026-07-12
2026-06-25 02:36:05,441 [INFO] Fetching: PDX→ANC dep=2026-07-08 ret=2026-07-14
2026-06-25 02:36:06,863 [INFO] Fetching: PDX→ANC dep=2026-07-11 ret=2026-07-16
2026-06-25 02:36:07,754 [INFO]   ★ New best: depart=2026-07-11 ret=2026-07-16 5days $719
2026-06-25 02:36:08,255 [INFO] Fetching: PDX→ANC dep=2026-07-11 ret=2026-07-15
2026-06-25 02:36:09,726 [INFO] Fetching: PDX→ANC dep=2026-07-11 ret=2026-07-17
2026-06-25 02:36:11,131 [INFO] Fetching: PDX→ANC dep=2026-07-12 ret=2026-07-17
2026-06-25 02:36:12,611 [INFO] Fetching: PDX→ANC dep=2026-07-12 ret=2026-07-16
2026-06-25 02:36:13,950 [INFO] Fetching: PDX→ANC dep=2026-07-12 ret=2026-07-18
2026-06-25 02:36:15,294 [INFO] Fetching: PDX→ANC dep=2026-07-13 ret=2026-07-18
2026-06-25 02:36:16,603 [INFO] Fetching: PDX→ANC dep=2026-07-13 ret=2026-07-17
2026-06-25 02:36:17,863 [INFO] Fetching: PDX→ANC dep=2026-07-13 ret=2026-07-19
2026-06-25 02:36:19,336 [INFO] Fetching: PDX→ANC dep=2026-07-16 ret=2026-07-21
2026-06-25 02:36:20,148 [INFO]   ★ New best: depart=2026-07-16 ret=2026-07-21 5days $614
2026-06-25 02:36:20,649 [INFO] Fetching: PDX→ANC dep=2026-07-16 ret=2026-07-20
2026-06-25 02:36:21,892 [INFO] Fetching: PDX→ANC dep=2026-07-16 ret=2026-07-22
2026-06-25 02:36:23,495 [INFO] Fetching: PDX→ANC dep=2026-07-17 ret=2026-07-22
2026-06-25 02:36:25,010 [INFO] Fetching: PDX→ANC dep=2026-07-17 ret=2026-07-21
2026-06-25 02:36:26,364 [INFO] Fetching: PDX→ANC dep=2026-07-17 ret=2026-07-23
2026-06-25 02:36:27,795 [INFO] Fetching: PDX→ANC dep=2026-07-18 ret=2026-07-23
2026-06-25 02:36:29,160 [INFO] Fetching: PDX→ANC dep=2026-07-18 ret=2026-07-22
2026-06-25 02:36:30,502 [INFO] Fetching: PDX→ANC dep=2026-07-18 ret=2026-07-24
2026-06-25 02:36:31,976 [INFO] Fetching: PDX→ANC dep=2026-07-21 ret=2026-07-26
2026-06-25 02:36:33,319 [INFO] Fetching: PDX→ANC dep=2026-07-21 ret=2026-07-25
2026-06-25 02:36:34,709 [INFO] Fetching: PDX→ANC dep=2026-07-21 ret=2026-07-27
2026-06-25 02:36:36,209 [INFO] Fetching: PDX→ANC dep=2026-07-22 ret=2026-07-27
2026-06-25 02:36:37,665 [INFO] Fetching: PDX→ANC dep=2026-07-22 ret=2026-07-26
2026-06-25 02:36:39,016 [INFO] Fetching: PDX→ANC dep=2026-07-22 ret=2026-07-28
2026-06-25 02:36:40,221 [INFO] Fetching: PDX→ANC dep=2026-07-23 ret=2026-07-28
2026-06-25 02:36:41,466 [INFO] Fetching: PDX→ANC dep=2026-07-23 ret=2026-07-27
2026-06-25 02:36:42,824 [INFO] Fetching: PDX→ANC dep=2026-07-23 ret=2026-07-29
2026-06-25 02:36:44,196 [INFO] Fetching: PDX→ANC dep=2026-07-26 ret=2026-07-31
2026-06-25 02:36:45,622 [INFO] Fetching: PDX→ANC dep=2026-07-26 ret=2026-07-30
2026-06-25 02:36:46,636 [INFO]   ★ New best: depart=2026-07-26 ret=2026-07-30 4days $609
2026-06-25 02:36:47,137 [INFO] Fetching: PDX→ANC dep=2026-07-26 ret=2026-08-01
2026-06-25 02:36:48,439 [INFO] Fetching: PDX→ANC dep=2026-07-27 ret=2026-08-01
2026-06-25 02:36:49,643 [INFO] Fetching: PDX→ANC dep=2026-07-27 ret=2026-07-31
2026-06-25 02:36:50,932 [INFO] Fetching: PDX→ANC dep=2026-07-27 ret=2026-08-02
2026-06-25 02:36:52,227 [INFO] Fetching: PDX→ANC dep=2026-07-28 ret=2026-08-02
2026-06-25 02:36:53,515 [INFO] Fetching: PDX→ANC dep=2026-07-28 ret=2026-08-01
2026-06-25 02:36:54,897 [INFO] Fetching: PDX→ANC dep=2026-07-28 ret=2026-08-03
2026-06-25 02:36:56,287 [INFO] Fetching: PDX→ANC dep=2026-07-31 ret=2026-08-05
2026-06-25 02:36:57,696 [INFO] Fetching: PDX→ANC dep=2026-07-31 ret=2026-08-04
2026-06-25 02:36:59,170 [INFO] Fetching: PDX→ANC dep=2026-07-31 ret=2026-08-06
2026-06-25 02:37:00,474 [INFO] Fetching: PDX→ANC dep=2026-08-01 ret=2026-08-06
2026-06-25 02:37:01,782 [INFO] Fetching: PDX→ANC dep=2026-08-01 ret=2026-08-05
2026-06-25 02:37:03,206 [INFO] Fetching: PDX→ANC dep=2026-08-01 ret=2026-08-07
2026-06-25 02:37:04,580 [INFO] Fetching: PDX→ANC dep=2026-08-02 ret=2026-08-07
2026-06-25 02:37:05,980 [INFO] Fetching: PDX→ANC dep=2026-08-02 ret=2026-08-06
2026-06-25 02:37:07,407 [INFO] Fetching: PDX→ANC dep=2026-08-02 ret=2026-08-08
2026-06-25 02:37:08,895 [INFO] Fetching: PDX→ANC dep=2026-08-05 ret=2026-08-10
2026-06-25 02:37:10,273 [INFO] Fetching: PDX→ANC dep=2026-08-05 ret=2026-08-09
2026-06-25 02:37:11,536 [INFO] Fetching: PDX→ANC dep=2026-08-05 ret=2026-08-11
2026-06-25 02:37:12,423 [INFO]   ★ New best: depart=2026-08-05 ret=2026-08-11 6days $549
2026-06-25 02:37:12,924 [INFO] Fetching: PDX→ANC dep=2026-08-06 ret=2026-08-11
2026-06-25 02:37:14,307 [INFO] Fetching: PDX→ANC dep=2026-08-06 ret=2026-08-10
2026-06-25 02:37:15,763 [INFO] Fetching: PDX→ANC dep=2026-08-06 ret=2026-08-12
2026-06-25 02:37:17,215 [INFO] Fetching: PDX→ANC dep=2026-08-07 ret=2026-08-12
2026-06-25 02:37:18,679 [INFO] Fetching: PDX→ANC dep=2026-08-07 ret=2026-08-11
2026-06-25 02:37:20,165 [INFO] Fetching: PDX→ANC dep=2026-08-07 ret=2026-08-13
2026-06-25 02:37:21,683 [INFO] Fetching: PDX→ANC dep=2026-08-10 ret=2026-08-15
2026-06-25 02:37:23,154 [INFO] Fetching: PDX→ANC dep=2026-08-10 ret=2026-08-14
2026-06-25 02:37:24,309 [INFO] Fetching: PDX→ANC dep=2026-08-10 ret=2026-08-16
2026-06-25 02:37:25,675 [INFO] Fetching: PDX→ANC dep=2026-08-11 ret=2026-08-16
2026-06-25 02:37:27,130 [INFO] Fetching: PDX→ANC dep=2026-08-11 ret=2026-08-15
2026-06-25 02:37:28,523 [INFO] Fetching: PDX→ANC dep=2026-08-11 ret=2026-08-17
2026-06-25 02:37:29,800 [INFO] Fetching: PDX→ANC dep=2026-08-12 ret=2026-08-17
2026-06-25 02:37:31,205 [INFO] Fetching: PDX→ANC dep=2026-08-12 ret=2026-08-16
2026-06-25 02:37:32,566 [INFO] Fetching: PDX→ANC dep=2026-08-12 ret=2026-08-18
2026-06-25 02:37:34,064 [INFO] Fetching: PDX→ANC dep=2026-08-15 ret=2026-08-20
2026-06-25 02:37:35,171 [INFO]   ★ New best: depart=2026-08-15 ret=2026-08-20 5days $463
2026-06-25 02:37:35,671 [INFO] Fetching: PDX→ANC dep=2026-08-15 ret=2026-08-19
2026-06-25 02:37:37,153 [INFO] Fetching: PDX→ANC dep=2026-08-15 ret=2026-08-21
2026-06-25 02:37:38,524 [INFO] Fetching: PDX→ANC dep=2026-08-16 ret=2026-08-21
2026-06-25 02:37:40,035 [INFO] Fetching: PDX→ANC dep=2026-08-16 ret=2026-08-20
2026-06-25 02:37:41,292 [INFO] Fetching: PDX→ANC dep=2026-08-16 ret=2026-08-22
2026-06-25 02:40:08,816 [INFO] ============================================================
2026-06-25 02:40:08,817 [INFO] Trip Tracker: PDX → ANC → PDX
2026-06-25 02:40:08,817 [INFO] Stay: 5 days (±1 day flexibility) | Target: $500
2026-06-25 02:40:08,817 [INFO] ============================================================
2026-06-25 02:40:08,817 [INFO] Fetching: PDX→ANC dep=2026-07-01 ret=2026-07-06
2026-06-25 02:40:09,786 [INFO]   ★ New best: depart=2026-07-01 ret=2026-07-06 5days $1049
2026-06-25 02:40:10,286 [INFO] Fetching: PDX→ANC dep=2026-07-01 ret=2026-07-05
2026-06-25 02:40:11,582 [INFO] Fetching: PDX→ANC dep=2026-07-01 ret=2026-07-07
2026-06-25 02:40:13,021 [INFO] Fetching: PDX→ANC dep=2026-07-02 ret=2026-07-07
2026-06-25 02:40:14,296 [INFO] Fetching: PDX→ANC dep=2026-07-02 ret=2026-07-06
2026-06-25 02:40:15,620 [INFO] Fetching: PDX→ANC dep=2026-07-02 ret=2026-07-08
2026-06-25 02:40:16,339 [INFO]   ★ New best: depart=2026-07-02 ret=2026-07-08 6days $949
2026-06-25 02:40:16,840 [INFO] Fetching: PDX→ANC dep=2026-07-03 ret=2026-07-08
2026-06-25 02:40:18,203 [INFO] Fetching: PDX→ANC dep=2026-07-03 ret=2026-07-07
2026-06-25 02:40:19,311 [INFO] Fetching: PDX→ANC dep=2026-07-03 ret=2026-07-09
2026-06-25 02:40:20,617 [INFO] Fetching: PDX→ANC dep=2026-07-06 ret=2026-07-11
2026-06-25 02:40:22,169 [INFO] Fetching: PDX→ANC dep=2026-07-06 ret=2026-07-10
2026-06-25 02:40:23,567 [INFO] Fetching: PDX→ANC dep=2026-07-06 ret=2026-07-12
2026-06-25 02:40:24,707 [INFO] Fetching: PDX→ANC dep=2026-07-07 ret=2026-07-12
2026-06-25 02:40:25,908 [INFO] Fetching: PDX→ANC dep=2026-07-07 ret=2026-07-11
2026-06-25 02:40:27,073 [INFO] Fetching: PDX→ANC dep=2026-07-07 ret=2026-07-13
2026-06-25 02:40:28,474 [INFO] Fetching: PDX→ANC dep=2026-07-08 ret=2026-07-13
2026-06-25 02:40:29,330 [INFO]   ★ New best: depart=2026-07-08 ret=2026-07-13 5days $809
2026-06-25 02:40:29,830 [INFO] Fetching: PDX→ANC dep=2026-07-08 ret=2026-07-12
2026-06-25 02:40:31,298 [INFO] Fetching: PDX→ANC dep=2026-07-08 ret=2026-07-14
2026-06-25 02:40:32,593 [INFO] Fetching: PDX→ANC dep=2026-07-11 ret=2026-07-16
2026-06-25 02:40:33,553 [INFO]   ★ New best: depart=2026-07-11 ret=2026-07-16 5days $719
2026-06-25 02:40:34,053 [INFO] Fetching: PDX→ANC dep=2026-07-11 ret=2026-07-15
2026-06-25 02:40:35,502 [INFO] Fetching: PDX→ANC dep=2026-07-11 ret=2026-07-17
2026-06-25 02:40:36,807 [INFO] Fetching: PDX→ANC dep=2026-07-12 ret=2026-07-17
2026-06-25 02:40:37,996 [INFO] Fetching: PDX→ANC dep=2026-07-12 ret=2026-07-16
2026-06-25 02:40:39,413 [INFO] Fetching: PDX→ANC dep=2026-07-12 ret=2026-07-18
2026-06-25 02:40:40,830 [INFO] Fetching: PDX→ANC dep=2026-07-13 ret=2026-07-18
2026-06-25 02:40:42,124 [INFO] Fetching: PDX→ANC dep=2026-07-13 ret=2026-07-17
2026-06-25 02:40:43,615 [INFO] Fetching: PDX→ANC dep=2026-07-13 ret=2026-07-19
2026-06-25 02:40:45,055 [INFO] Fetching: PDX→ANC dep=2026-07-16 ret=2026-07-21
2026-06-25 02:40:45,984 [INFO]   ★ New best: depart=2026-07-16 ret=2026-07-21 5days $614
2026-06-25 02:40:46,484 [INFO] Fetching: PDX→ANC dep=2026-07-16 ret=2026-07-20
2026-06-25 02:40:47,783 [INFO] Fetching: PDX→ANC dep=2026-07-16 ret=2026-07-22
2026-06-25 02:40:49,144 [INFO] Fetching: PDX→ANC dep=2026-07-17 ret=2026-07-22
2026-06-25 02:40:50,565 [INFO] Fetching: PDX→ANC dep=2026-07-17 ret=2026-07-21
2026-06-25 02:40:51,805 [INFO] Fetching: PDX→ANC dep=2026-07-17 ret=2026-07-23
2026-06-25 02:40:52,894 [INFO] Fetching: PDX→ANC dep=2026-07-18 ret=2026-07-23
2026-06-25 02:40:54,524 [INFO] Fetching: PDX→ANC dep=2026-07-18 ret=2026-07-22
2026-06-25 02:40:56,080 [INFO] Fetching: PDX→ANC dep=2026-07-18 ret=2026-07-24
2026-06-25 02:40:57,728 [INFO] Fetching: PDX→ANC dep=2026-07-21 ret=2026-07-26
2026-06-25 02:40:59,086 [INFO] Fetching: PDX→ANC dep=2026-07-21 ret=2026-07-25
2026-06-25 02:41:00,422 [INFO] Fetching: PDX→ANC dep=2026-07-21 ret=2026-07-27
2026-06-25 02:41:01,632 [INFO] Fetching: PDX→ANC dep=2026-07-22 ret=2026-07-27
2026-06-25 02:41:02,885 [INFO] Fetching: PDX→ANC dep=2026-07-22 ret=2026-07-26
2026-06-25 02:41:04,243 [INFO] Fetching: PDX→ANC dep=2026-07-22 ret=2026-07-28
2026-06-25 02:41:05,725 [INFO] Fetching: PDX→ANC dep=2026-07-23 ret=2026-07-28
2026-06-25 02:41:07,225 [INFO] Fetching: PDX→ANC dep=2026-07-23 ret=2026-07-27
2026-06-25 02:41:08,649 [INFO] Fetching: PDX→ANC dep=2026-07-23 ret=2026-07-29
2026-06-25 02:41:10,189 [INFO] Fetching: PDX→ANC dep=2026-07-26 ret=2026-07-31
2026-06-25 02:41:11,435 [INFO] Fetching: PDX→ANC dep=2026-07-26 ret=2026-07-30
2026-06-25 02:41:12,246 [INFO]   ★ New best: depart=2026-07-26 ret=2026-07-30 4days $609
2026-06-25 02:41:12,746 [INFO] Fetching: PDX→ANC dep=2026-07-26 ret=2026-08-01
2026-06-25 02:41:14,154 [INFO] Fetching: PDX→ANC dep=2026-07-27 ret=2026-08-01
2026-06-25 02:41:15,374 [INFO] Fetching: PDX→ANC dep=2026-07-27 ret=2026-07-31
2026-06-25 02:41:16,717 [INFO] Fetching: PDX→ANC dep=2026-07-27 ret=2026-08-02
2026-06-25 02:41:17,890 [INFO] Fetching: PDX→ANC dep=2026-07-28 ret=2026-08-02
2026-06-25 02:41:19,234 [INFO] Fetching: PDX→ANC dep=2026-07-28 ret=2026-08-01
2026-06-25 02:41:20,701 [INFO] Fetching: PDX→ANC dep=2026-07-28 ret=2026-08-03
2026-06-25 02:41:21,811 [INFO] Fetching: PDX→ANC dep=2026-07-31 ret=2026-08-05
2026-06-25 02:41:23,167 [INFO] Fetching: PDX→ANC dep=2026-07-31 ret=2026-08-04
2026-06-25 02:41:24,398 [INFO] Fetching: PDX→ANC dep=2026-07-31 ret=2026-08-06
2026-06-25 02:41:25,898 [INFO] Fetching: PDX→ANC dep=2026-08-01 ret=2026-08-06
2026-06-25 02:41:27,457 [INFO] Fetching: PDX→ANC dep=2026-08-01 ret=2026-08-05
2026-06-25 02:41:28,790 [INFO] Fetching: PDX→ANC dep=2026-08-01 ret=2026-08-07
2026-06-25 02:41:30,107 [INFO] Fetching: PDX→ANC dep=2026-08-02 ret=2026-08-07
2026-06-25 02:41:31,611 [INFO] Fetching: PDX→ANC dep=2026-08-02 ret=2026-08-06
2026-06-25 02:41:33,051 [INFO] Fetching: PDX→ANC dep=2026-08-02 ret=2026-08-08
2026-06-25 02:41:34,572 [INFO] Fetching: PDX→ANC dep=2026-08-05 ret=2026-08-10
2026-06-25 02:41:35,810 [INFO] Fetching: PDX→ANC dep=2026-08-05 ret=2026-08-09
2026-06-25 02:41:37,219 [INFO] Fetching: PDX→ANC dep=2026-08-05 ret=2026-08-11
2026-06-25 02:41:38,151 [INFO]   ★ New best: depart=2026-08-05 ret=2026-08-11 6days $549
2026-06-25 02:41:38,652 [INFO] Fetching: PDX→ANC dep=2026-08-06 ret=2026-08-11
2026-06-25 02:41:40,083 [INFO] Fetching: PDX→ANC dep=2026-08-06 ret=2026-08-10
2026-06-25 02:41:41,426 [INFO] Fetching: PDX→ANC dep=2026-08-06 ret=2026-08-12
2026-06-25 02:41:42,931 [INFO] Fetching: PDX→ANC dep=2026-08-07 ret=2026-08-12
2026-06-25 02:41:44,350 [INFO] Fetching: PDX→ANC dep=2026-08-07 ret=2026-08-11
2026-06-25 02:41:45,749 [INFO] Fetching: PDX→ANC dep=2026-08-07 ret=2026-08-13
2026-06-25 02:41:47,280 [INFO] Fetching: PDX→ANC dep=2026-08-10 ret=2026-08-15
2026-06-25 02:41:48,465 [INFO] Fetching: PDX→ANC dep=2026-08-10 ret=2026-08-14
2026-06-25 02:41:49,534 [INFO] Fetching: PDX→ANC dep=2026-08-10 ret=2026-08-16
2026-06-25 02:41:50,988 [INFO] Fetching: PDX→ANC dep=2026-08-11 ret=2026-08-16
2026-06-25 02:41:52,172 [INFO] Fetching: PDX→ANC dep=2026-08-11 ret=2026-08-15
2026-06-25 02:41:53,594 [INFO] Fetching: PDX→ANC dep=2026-08-11 ret=2026-08-17
2026-06-25 02:41:54,801 [INFO] Fetching: PDX→ANC dep=2026-08-12 ret=2026-08-17
2026-06-25 02:41:56,217 [INFO] Fetching: PDX→ANC dep=2026-08-12 ret=2026-08-16
2026-06-25 02:41:57,630 [INFO] Fetching: PDX→ANC dep=2026-08-12 ret=2026-08-18
2026-06-25 02:41:58,882 [INFO] Fetching: PDX→ANC dep=2026-08-15 ret=2026-08-20
2026-06-25 02:41:59,858 [INFO]   ★ New best: depart=2026-08-15 ret=2026-08-20 5days $463
2026-06-25 02:42:00,358 [INFO] Fetching: PDX→ANC dep=2026-08-15 ret=2026-08-19
2026-06-25 02:42:01,629 [INFO] Fetching: PDX→ANC dep=2026-08-15 ret=2026-08-21
2026-06-25 02:42:03,151 [INFO] Fetching: PDX→ANC dep=2026-08-16 ret=2026-08-21
2026-06-25 02:42:04,689 [INFO] Fetching: PDX→ANC dep=2026-08-16 ret=2026-08-20
2026-06-25 02:42:06,019 [INFO] Fetching: PDX→ANC dep=2026-08-16 ret=2026-08-22
2026-06-25 02:42:07,233 [INFO] Fetching: PDX→ANC dep=2026-08-17 ret=2026-08-22
2026-06-25 02:42:08,766 [INFO] Fetching: PDX→ANC dep=2026-08-17 ret=2026-08-21
2026-06-25 02:42:09,977 [INFO] Fetching: PDX→ANC dep=2026-08-17 ret=2026-08-23
2026-06-25 02:42:11,299 [INFO] Fetching: PDX→ANC dep=2026-08-20 ret=2026-08-25
2026-06-25 02:42:12,087 [INFO]   ★ New best: depart=2026-08-20 ret=2026-08-25 5days $407
2026-06-25 02:42:12,587 [INFO] Fetching: PDX→ANC dep=2026-08-20 ret=2026-08-24
2026-06-25 02:42:13,869 [INFO] Fetching: PDX→ANC dep=2026-08-20 ret=2026-08-26
2026-06-25 02:42:15,118 [INFO] Fetching: PDX→ANC dep=2026-08-21 ret=2026-08-26
2026-06-25 02:42:16,359 [INFO] Fetching: PDX→ANC dep=2026-08-21 ret=2026-08-25
2026-06-25 02:42:17,719 [INFO] Fetching: PDX→ANC dep=2026-08-21 ret=2026-08-27
2026-06-25 02:42:18,531 [INFO]   ★ New best: depart=2026-08-21 ret=2026-08-27 6days $377
2026-06-25 02:42:19,032 [INFO] Fetching: PDX→ANC dep=2026-08-22 ret=2026-08-27
2026-06-25 02:42:20,590 [INFO] Fetching: PDX→ANC dep=2026-08-22 ret=2026-08-26
2026-06-25 02:42:22,026 [INFO] Fetching: PDX→ANC dep=2026-08-22 ret=2026-08-28
2026-06-25 02:42:23,282 [INFO] Fetching: PDX→ANC dep=2026-08-25 ret=2026-08-30
2026-06-25 02:42:24,758 [INFO] Fetching: PDX→ANC dep=2026-08-25 ret=2026-08-29
2026-06-25 02:42:26,031 [INFO] Fetching: PDX→ANC dep=2026-08-25 ret=2026-08-31
2026-06-25 02:42:27,454 [INFO] Fetching: PDX→ANC dep=2026-08-26 ret=2026-08-31
2026-06-25 02:42:28,724 [INFO] Fetching: PDX→ANC dep=2026-08-26 ret=2026-08-30
2026-06-25 02:42:30,024 [INFO] Fetching: PDX→ANC dep=2026-08-26 ret=2026-09-01
2026-06-25 02:42:31,266 [INFO] Fetching: PDX→ANC dep=2026-08-27 ret=2026-09-01
2026-06-25 02:42:32,602 [INFO] Fetching: PDX→ANC dep=2026-08-27 ret=2026-08-31
2026-06-25 02:42:34,093 [INFO] Fetching: PDX→ANC dep=2026-08-27 ret=2026-09-02
2026-06-25 02:42:35,576 [INFO] Fetching: PDX→ANC dep=2026-08-30 ret=2026-09-04
2026-06-25 02:42:36,853 [INFO] Fetching: PDX→ANC dep=2026-08-30 ret=2026-09-03
2026-06-25 02:42:38,216 [INFO] Fetching: PDX→ANC dep=2026-08-30 ret=2026-09-05
2026-06-25 02:42:39,678 [INFO] Fetching: PDX→ANC dep=2026-08-31 ret=2026-09-05
2026-06-25 02:42:41,068 [INFO] Fetching: PDX→ANC dep=2026-08-31 ret=2026-09-04
2026-06-25 02:42:42,515 [INFO] Fetching: PDX→ANC dep=2026-08-31 ret=2026-09-06
2026-06-25 02:42:43,893 [INFO] Fetching: PDX→ANC dep=2026-09-01 ret=2026-09-06
2026-06-25 02:42:45,302 [INFO] Fetching: PDX→ANC dep=2026-09-01 ret=2026-09-05
2026-06-25 02:42:46,439 [INFO] Fetching: PDX→ANC dep=2026-09-01 ret=2026-09-07
2026-06-25 02:42:47,949 [INFO] Fetching: PDX→ANC dep=2026-09-04 ret=2026-09-09
2026-06-25 02:42:49,347 [INFO] Fetching: PDX→ANC dep=2026-09-04 ret=2026-09-08
2026-06-25 02:42:50,701 [INFO] Fetching: PDX→ANC dep=2026-09-04 ret=2026-09-10
2026-06-25 02:42:52,055 [INFO] Fetching: PDX→ANC dep=2026-09-05 ret=2026-09-10
2026-06-25 02:42:53,364 [INFO] Fetching: PDX→ANC dep=2026-09-05 ret=2026-09-09
2026-06-25 02:42:54,719 [INFO] Fetching: PDX→ANC dep=2026-09-05 ret=2026-09-11
2026-06-25 02:42:56,109 [INFO] Fetching: PDX→ANC dep=2026-09-06 ret=2026-09-11
2026-06-25 02:42:57,510 [INFO] Fetching: PDX→ANC dep=2026-09-06 ret=2026-09-10
2026-06-25 02:42:58,786 [INFO] Fetching: PDX→ANC dep=2026-09-06 ret=2026-09-12
2026-06-25 02:42:59,975 [INFO] Fetching: PDX→ANC dep=2026-09-09 ret=2026-09-14
2026-06-25 02:43:01,382 [INFO] Fetching: PDX→ANC dep=2026-09-09 ret=2026-09-13
2026-06-25 02:43:02,662 [INFO] Fetching: PDX→ANC dep=2026-09-09 ret=2026-09-15
2026-06-25 02:43:04,034 [INFO] Fetching: PDX→ANC dep=2026-09-10 ret=2026-09-15
2026-06-25 02:43:05,333 [INFO] Fetching: PDX→ANC dep=2026-09-10 ret=2026-09-14
2026-06-25 02:43:06,668 [INFO] Fetching: PDX→ANC dep=2026-09-10 ret=2026-09-16
2026-06-25 02:43:08,073 [INFO] Fetching: PDX→ANC dep=2026-09-11 ret=2026-09-16
2026-06-25 02:43:15,718 [INFO] ============================================================
2026-06-25 02:43:15,718 [INFO] Trip Tracker: PDX → ANC → PDX
2026-06-25 02:43:15,718 [INFO] Stay: 5 days (±1 day flexibility) | Target: $500
2026-06-25 02:43:15,718 [INFO] ============================================================
2026-06-25 02:43:15,719 [INFO] Fetching: PDX→ANC dep=2026-07-01 ret=2026-07-06
2026-06-25 02:43:16,469 [INFO]   ★ New best: depart=2026-07-01 ret=2026-07-06 5days $1049
2026-06-25 02:43:16,970 [INFO] Fetching: PDX→ANC dep=2026-07-01 ret=2026-07-05
2026-06-25 02:43:18,325 [INFO] Fetching: PDX→ANC dep=2026-07-01 ret=2026-07-07
2026-06-25 02:43:19,717 [INFO] Fetching: PDX→ANC dep=2026-07-02 ret=2026-07-07
2026-06-25 02:43:21,245 [INFO] Fetching: PDX→ANC dep=2026-07-02 ret=2026-07-06
2026-06-25 02:43:22,426 [INFO] Fetching: PDX→ANC dep=2026-07-02 ret=2026-07-08
2026-06-25 02:43:23,078 [INFO]   ★ New best: depart=2026-07-02 ret=2026-07-08 6days $949
2026-06-25 02:43:23,579 [INFO] Fetching: PDX→ANC dep=2026-07-03 ret=2026-07-08
2026-06-25 02:43:24,983 [INFO] Fetching: PDX→ANC dep=2026-07-03 ret=2026-07-07
2026-06-25 02:43:26,210 [INFO] Fetching: PDX→ANC dep=2026-07-03 ret=2026-07-09
2026-06-25 02:43:27,654 [INFO] Fetching: PDX→ANC dep=2026-07-06 ret=2026-07-11
2026-06-25 02:43:29,198 [INFO] Fetching: PDX→ANC dep=2026-07-06 ret=2026-07-10
2026-06-25 02:43:30,775 [INFO] Fetching: PDX→ANC dep=2026-07-06 ret=2026-07-12
2026-06-25 02:43:32,205 [INFO] Fetching: PDX→ANC dep=2026-07-07 ret=2026-07-12
2026-06-25 02:43:33,308 [INFO] Fetching: PDX→ANC dep=2026-07-07 ret=2026-07-11
2026-06-25 02:43:34,663 [INFO] Fetching: PDX→ANC dep=2026-07-07 ret=2026-07-13
2026-06-25 02:43:35,973 [INFO] Fetching: PDX→ANC dep=2026-07-08 ret=2026-07-13
2026-06-25 02:43:36,743 [INFO]   ★ New best: depart=2026-07-08 ret=2026-07-13 5days $809
2026-06-25 02:43:37,244 [INFO] Fetching: PDX→ANC dep=2026-07-08 ret=2026-07-12
2026-06-25 02:43:38,397 [INFO] Fetching: PDX→ANC dep=2026-07-08 ret=2026-07-14
2026-06-25 02:43:39,526 [INFO] Fetching: PDX→ANC dep=2026-07-11 ret=2026-07-16
2026-06-25 02:43:40,459 [INFO]   ★ New best: depart=2026-07-11 ret=2026-07-16 5days $719
2026-06-25 02:43:40,960 [INFO] Fetching: PDX→ANC dep=2026-07-11 ret=2026-07-15
2026-06-25 02:43:42,158 [INFO] Fetching: PDX→ANC dep=2026-07-11 ret=2026-07-17
2026-06-25 02:43:43,402 [INFO] Fetching: PDX→ANC dep=2026-07-12 ret=2026-07-17
2026-06-25 02:43:44,683 [INFO] Fetching: PDX→ANC dep=2026-07-12 ret=2026-07-16
2026-06-25 02:43:45,858 [INFO] Fetching: PDX→ANC dep=2026-07-12 ret=2026-07-18
2026-06-25 02:43:47,253 [INFO] Fetching: PDX→ANC dep=2026-07-13 ret=2026-07-18
2026-06-25 02:43:48,881 [INFO] Fetching: PDX→ANC dep=2026-07-13 ret=2026-07-17
2026-06-25 02:43:50,147 [INFO] Fetching: PDX→ANC dep=2026-07-13 ret=2026-07-19
2026-06-25 02:43:51,489 [INFO] Fetching: PDX→ANC dep=2026-07-16 ret=2026-07-21
2026-06-25 02:43:52,184 [INFO]   ★ New best: depart=2026-07-16 ret=2026-07-21 5days $614
2026-06-25 02:43:52,684 [INFO] Fetching: PDX→ANC dep=2026-07-16 ret=2026-07-20
2026-06-25 02:43:53,814 [INFO] Fetching: PDX→ANC dep=2026-07-16 ret=2026-07-22
2026-06-25 02:43:55,160 [INFO] Fetching: PDX→ANC dep=2026-07-17 ret=2026-07-22
2026-06-25 02:43:56,459 [INFO] Fetching: PDX→ANC dep=2026-07-17 ret=2026-07-21
2026-06-25 02:43:57,957 [INFO] Fetching: PDX→ANC dep=2026-07-17 ret=2026-07-23
2026-06-25 02:43:59,485 [INFO] Fetching: PDX→ANC dep=2026-07-18 ret=2026-07-23
2026-06-25 02:44:00,715 [INFO] Fetching: PDX→ANC dep=2026-07-18 ret=2026-07-22
2026-06-25 02:44:01,913 [INFO] Fetching: PDX→ANC dep=2026-07-18 ret=2026-07-24
2026-06-25 02:44:03,426 [INFO] Fetching: PDX→ANC dep=2026-07-21 ret=2026-07-26
2026-06-25 02:44:04,539 [INFO] Fetching: PDX→ANC dep=2026-07-21 ret=2026-07-25
2026-06-25 02:44:05,857 [INFO] Fetching: PDX→ANC dep=2026-07-21 ret=2026-07-27
2026-06-25 02:44:07,221 [INFO] Fetching: PDX→ANC dep=2026-07-22 ret=2026-07-27
2026-06-25 02:44:08,561 [INFO] Fetching: PDX→ANC dep=2026-07-22 ret=2026-07-26
2026-06-25 02:44:09,863 [INFO] Fetching: PDX→ANC dep=2026-07-22 ret=2026-07-28
2026-06-25 02:44:11,436 [INFO] Fetching: PDX→ANC dep=2026-07-23 ret=2026-07-28
2026-06-25 02:44:12,556 [INFO] Fetching: PDX→ANC dep=2026-07-23 ret=2026-07-27
2026-06-25 02:44:13,790 [INFO] Fetching: PDX→ANC dep=2026-07-23 ret=2026-07-29
2026-06-25 02:44:15,125 [INFO] Fetching: PDX→ANC dep=2026-07-26 ret=2026-07-31
2026-06-25 02:44:16,502 [INFO] Fetching: PDX→ANC dep=2026-07-26 ret=2026-07-30
2026-06-25 02:44:17,314 [INFO]   ★ New best: depart=2026-07-26 ret=2026-07-30 4days $609
2026-06-25 02:44:17,815 [INFO] Fetching: PDX→ANC dep=2026-07-26 ret=2026-08-01
2026-06-25 02:44:19,258 [INFO] Fetching: PDX→ANC dep=2026-07-27 ret=2026-08-01
2026-06-25 02:44:20,770 [INFO] Fetching: PDX→ANC dep=2026-07-27 ret=2026-07-31
2026-06-25 02:44:22,093 [INFO] Fetching: PDX→ANC dep=2026-07-27 ret=2026-08-02
2026-06-25 02:44:23,403 [INFO] Fetching: PDX→ANC dep=2026-07-28 ret=2026-08-02
2026-06-25 02:44:24,864 [INFO] Fetching: PDX→ANC dep=2026-07-28 ret=2026-08-01
2026-06-25 02:44:26,284 [INFO] Fetching: PDX→ANC dep=2026-07-28 ret=2026-08-03
2026-06-25 02:44:27,552 [INFO] Fetching: PDX→ANC dep=2026-07-31 ret=2026-08-05
2026-06-25 02:44:29,227 [INFO] Fetching: PDX→ANC dep=2026-07-31 ret=2026-08-04
2026-06-25 02:44:30,388 [INFO] Fetching: PDX→ANC dep=2026-07-31 ret=2026-08-06
2026-06-25 02:44:31,555 [INFO] Fetching: PDX→ANC dep=2026-08-01 ret=2026-08-06
2026-06-25 02:44:33,048 [INFO] Fetching: PDX→ANC dep=2026-08-01 ret=2026-08-05
2026-06-25 02:44:34,271 [INFO] Fetching: PDX→ANC dep=2026-08-01 ret=2026-08-07
2026-06-25 02:44:35,436 [INFO] Fetching: PDX→ANC dep=2026-08-02 ret=2026-08-07
2026-06-25 02:44:36,683 [INFO] Fetching: PDX→ANC dep=2026-08-02 ret=2026-08-06
2026-06-25 02:44:38,045 [INFO] Fetching: PDX→ANC dep=2026-08-02 ret=2026-08-08
2026-06-25 02:44:39,566 [INFO] Fetching: PDX→ANC dep=2026-08-05 ret=2026-08-10
2026-06-25 02:44:40,854 [INFO] Fetching: PDX→ANC dep=2026-08-05 ret=2026-08-09
2026-06-25 02:44:42,471 [INFO] Fetching: PDX→ANC dep=2026-08-05 ret=2026-08-11
2026-06-25 02:44:43,389 [INFO]   ★ New best: depart=2026-08-05 ret=2026-08-11 6days $549
2026-06-25 02:44:43,889 [INFO] Fetching: PDX→ANC dep=2026-08-06 ret=2026-08-11
2026-06-25 02:44:45,368 [INFO] Fetching: PDX→ANC dep=2026-08-06 ret=2026-08-10
2026-06-25 02:44:46,476 [INFO] Fetching: PDX→ANC dep=2026-08-06 ret=2026-08-12
2026-06-25 02:44:47,598 [INFO] Fetching: PDX→ANC dep=2026-08-07 ret=2026-08-12
2026-06-25 02:44:48,954 [INFO] Fetching: PDX→ANC dep=2026-08-07 ret=2026-08-11
2026-06-25 02:44:50,294 [INFO] Fetching: PDX→ANC dep=2026-08-07 ret=2026-08-13
2026-06-25 02:44:52,040 [INFO] Fetching: PDX→ANC dep=2026-08-10 ret=2026-08-15
2026-06-25 02:44:53,324 [INFO] Fetching: PDX→ANC dep=2026-08-10 ret=2026-08-14
2026-06-25 02:44:54,841 [INFO] Fetching: PDX→ANC dep=2026-08-10 ret=2026-08-16
2026-06-25 02:44:56,046 [INFO] Fetching: PDX→ANC dep=2026-08-11 ret=2026-08-16
2026-06-25 02:44:57,445 [INFO] Fetching: PDX→ANC dep=2026-08-11 ret=2026-08-15
2026-06-25 02:44:58,616 [INFO] Fetching: PDX→ANC dep=2026-08-11 ret=2026-08-17
2026-06-25 02:44:59,890 [INFO] Fetching: PDX→ANC dep=2026-08-12 ret=2026-08-17
2026-06-25 02:45:01,105 [INFO] Fetching: PDX→ANC dep=2026-08-12 ret=2026-08-16
2026-06-25 02:45:02,181 [INFO] Fetching: PDX→ANC dep=2026-08-12 ret=2026-08-18
2026-06-25 02:45:03,886 [INFO] Fetching: PDX→ANC dep=2026-08-15 ret=2026-08-20
2026-06-25 02:45:04,655 [INFO]   ★ New best: depart=2026-08-15 ret=2026-08-20 5days $463
2026-06-25 02:45:05,155 [INFO] Fetching: PDX→ANC dep=2026-08-15 ret=2026-08-19
2026-06-25 02:45:06,503 [INFO] Fetching: PDX→ANC dep=2026-08-15 ret=2026-08-21
2026-06-25 02:45:07,852 [INFO] Fetching: PDX→ANC dep=2026-08-16 ret=2026-08-21
2026-06-25 02:45:09,080 [INFO] Fetching: PDX→ANC dep=2026-08-16 ret=2026-08-20
2026-06-25 02:45:10,577 [INFO] Fetching: PDX→ANC dep=2026-08-16 ret=2026-08-22
2026-06-25 02:45:11,912 [INFO] Fetching: PDX→ANC dep=2026-08-17 ret=2026-08-22
2026-06-25 02:45:13,410 [INFO] Fetching: PDX→ANC dep=2026-08-17 ret=2026-08-21
2026-06-25 02:45:14,524 [INFO] Fetching: PDX→ANC dep=2026-08-17 ret=2026-08-23
2026-06-25 02:45:15,720 [INFO] Fetching: PDX→ANC dep=2026-08-20 ret=2026-08-25
2026-06-25 02:45:16,672 [INFO]   ★ New best: depart=2026-08-20 ret=2026-08-25 5days $407
2026-06-25 02:45:17,173 [INFO] Fetching: PDX→ANC dep=2026-08-20 ret=2026-08-24
2026-06-25 02:45:18,557 [INFO] Fetching: PDX→ANC dep=2026-08-20 ret=2026-08-26
2026-06-25 02:45:19,853 [INFO] Fetching: PDX→ANC dep=2026-08-21 ret=2026-08-26
2026-06-25 02:45:21,350 [INFO] Fetching: PDX→ANC dep=2026-08-21 ret=2026-08-25
2026-06-25 02:45:22,861 [INFO] Fetching: PDX→ANC dep=2026-08-21 ret=2026-08-27
2026-06-25 02:45:23,672 [INFO]   ★ New best: depart=2026-08-21 ret=2026-08-27 6days $377
2026-06-25 02:45:24,173 [INFO] Fetching: PDX→ANC dep=2026-08-22 ret=2026-08-27
2026-06-25 02:45:25,568 [INFO] Fetching: PDX→ANC dep=2026-08-22 ret=2026-08-26
2026-06-25 02:45:26,678 [INFO] Fetching: PDX→ANC dep=2026-08-22 ret=2026-08-28
2026-06-25 02:45:28,206 [INFO] Fetching: PDX→ANC dep=2026-08-25 ret=2026-08-30
2026-06-25 02:45:29,566 [INFO] Fetching: PDX→ANC dep=2026-08-25 ret=2026-08-29
2026-06-25 02:45:30,994 [INFO] Fetching: PDX→ANC dep=2026-08-25 ret=2026-08-31
2026-06-25 02:45:32,326 [INFO] Fetching: PDX→ANC dep=2026-08-26 ret=2026-08-31
2026-06-25 02:45:33,824 [INFO] Fetching: PDX→ANC dep=2026-08-26 ret=2026-08-30
2026-06-25 02:45:35,193 [INFO] Fetching: PDX→ANC dep=2026-08-26 ret=2026-09-01
2026-06-25 02:45:36,596 [INFO] Fetching: PDX→ANC dep=2026-08-27 ret=2026-09-01
2026-06-25 02:45:38,163 [INFO] Fetching: PDX→ANC dep=2026-08-27 ret=2026-08-31
2026-06-25 02:45:39,499 [INFO] Fetching: PDX→ANC dep=2026-08-27 ret=2026-09-02
2026-06-25 02:45:40,741 [INFO] Fetching: PDX→ANC dep=2026-08-30 ret=2026-09-04
2026-06-25 02:45:42,053 [INFO] Fetching: PDX→ANC dep=2026-08-30 ret=2026-09-03
2026-06-25 02:45:43,485 [INFO] Fetching: PDX→ANC dep=2026-08-30 ret=2026-09-05
2026-06-25 02:45:45,019 [INFO] Fetching: PDX→ANC dep=2026-08-31 ret=2026-09-05
2026-06-25 02:45:46,513 [INFO] Fetching: PDX→ANC dep=2026-08-31 ret=2026-09-04
2026-06-25 02:45:48,059 [INFO] Fetching: PDX→ANC dep=2026-08-31 ret=2026-09-06
2026-06-25 02:45:49,645 [INFO] Fetching: PDX→ANC dep=2026-09-01 ret=2026-09-06
2026-06-25 02:45:50,913 [INFO] Fetching: PDX→ANC dep=2026-09-01 ret=2026-09-05
2026-06-25 02:45:52,010 [INFO] Fetching: PDX→ANC dep=2026-09-01 ret=2026-09-07
2026-06-25 02:45:53,260 [INFO] Fetching: PDX→ANC dep=2026-09-04 ret=2026-09-09
2026-06-25 02:45:54,575 [INFO] Fetching: PDX→ANC dep=2026-09-04 ret=2026-09-08
2026-06-25 02:45:55,818 [INFO] Fetching: PDX→ANC dep=2026-09-04 ret=2026-09-10
2026-06-25 02:45:57,300 [INFO] Fetching: PDX→ANC dep=2026-09-05 ret=2026-09-10
2026-06-25 02:45:58,579 [INFO] Fetching: PDX→ANC dep=2026-09-05 ret=2026-09-09
2026-06-25 02:45:59,905 [INFO] Fetching: PDX→ANC dep=2026-09-05 ret=2026-09-11
2026-06-25 02:46:01,073 [INFO] Fetching: PDX→ANC dep=2026-09-06 ret=2026-09-11
2026-06-25 02:46:02,418 [INFO] Fetching: PDX→ANC dep=2026-09-06 ret=2026-09-10
2026-06-25 02:46:03,660 [INFO] Fetching: PDX→ANC dep=2026-09-06 ret=2026-09-12
2026-06-25 02:46:05,076 [INFO] Fetching: PDX→ANC dep=2026-09-09 ret=2026-09-14
2026-06-25 02:46:06,268 [INFO] Fetching: PDX→ANC dep=2026-09-09 ret=2026-09-13
2026-06-25 02:46:07,726 [INFO] Fetching: PDX→ANC dep=2026-09-09 ret=2026-09-15
2026-06-25 02:46:09,096 [INFO] Fetching: PDX→ANC dep=2026-09-10 ret=2026-09-15
2026-06-25 02:46:10,421 [INFO] Fetching: PDX→ANC dep=2026-09-10 ret=2026-09-14
2026-06-25 02:46:11,987 [INFO] Fetching: PDX→ANC dep=2026-09-10 ret=2026-09-16
2026-06-25 02:46:13,209 [INFO] Fetching: PDX→ANC dep=2026-09-11 ret=2026-09-16
2026-06-25 02:46:14,723 [INFO] Fetching: PDX→ANC dep=2026-09-11 ret=2026-09-15
2026-06-25 02:46:15,920 [INFO] Fetching: PDX→ANC dep=2026-09-11 ret=2026-09-17
2026-06-25 02:46:17,039 [INFO] Fetching: PDX→ANC dep=2026-09-14 ret=2026-09-19
2026-06-25 02:46:18,181 [INFO] Fetching: PDX→ANC dep=2026-09-14 ret=2026-09-18
2026-06-25 02:46:19,362 [INFO] Fetching: PDX→ANC dep=2026-09-14 ret=2026-09-20
2026-06-25 02:46:20,718 [INFO] Fetching: PDX→ANC dep=2026-09-15 ret=2026-09-20
2026-06-25 02:46:22,271 [INFO] Fetching: PDX→ANC dep=2026-09-15 ret=2026-09-19
2026-06-25 02:46:24,142 [INFO] Fetching: PDX→ANC dep=2026-09-15 ret=2026-09-21
2026-06-25 02:46:25,340 [INFO] Fetching: PDX→ANC dep=2026-09-16 ret=2026-09-21
2026-06-25 02:46:26,570 [INFO] Fetching: PDX→ANC dep=2026-09-16 ret=2026-09-20
2026-06-25 02:46:28,058 [INFO] Fetching: PDX→ANC dep=2026-09-16 ret=2026-09-22
2026-06-25 02:46:29,455 [INFO] Fetching: PDX→ANC dep=2026-09-19 ret=2026-09-24
2026-06-25 02:46:30,756 [INFO] Fetching: PDX→ANC dep=2026-09-19 ret=2026-09-23
2026-06-25 02:46:32,305 [INFO] Fetching: PDX→ANC dep=2026-09-19 ret=2026-09-25
2026-06-25 02:46:33,798 [INFO] Fetching: PDX→ANC dep=2026-09-20 ret=2026-09-25
2026-06-25 02:46:34,979 [INFO] Fetching: PDX→ANC dep=2026-09-20 ret=2026-09-24
2026-06-25 02:46:36,599 [INFO] Fetching: PDX→ANC dep=2026-09-20 ret=2026-09-26
2026-06-25 02:46:37,945 [INFO] Fetching: PDX→ANC dep=2026-09-21 ret=2026-09-26
2026-06-25 02:46:39,508 [INFO] Fetching: PDX→ANC dep=2026-09-21 ret=2026-09-25
2026-06-25 02:46:40,884 [INFO] Fetching: PDX→ANC dep=2026-09-21 ret=2026-09-27
2026-06-25 02:46:42,397 [INFO] Dashboard data saved to /workspace/flight-tracker/data.json
2026-06-25 23:08:31,910 [INFO] ============================================================
2026-06-25 23:08:31,910 [INFO] Trip Tracker: PDX → ANC → PDX
2026-06-25 23:08:31,910 [INFO] Stay: 5 days (±1 day flexibility) | Target: $500
2026-06-25 23:08:31,910 [INFO] ============================================================
2026-06-25 23:08:31,911 [INFO] Fetching: PDX→ANC dep=2026-07-01 ret=2026-07-06
2026-06-25 23:08:33,158 [INFO]   ★ New best: depart=2026-07-01 ret=2026-07-06 5days $1214
2026-06-25 23:08:33,660 [INFO] Fetching: PDX→ANC dep=2026-07-01 ret=2026-07-05
2026-06-25 23:08:34,294 [INFO]   ★ New best: depart=2026-07-01 ret=2026-07-05 4days $1185
2026-06-25 23:08:34,794 [INFO] Fetching: PDX→ANC dep=2026-07-01 ret=2026-07-07
2026-06-25 23:08:36,105 [INFO] Fetching: PDX→ANC dep=2026-07-02 ret=2026-07-07
2026-06-25 23:08:36,929 [INFO]   ★ New best: depart=2026-07-02 ret=2026-07-07 5days $1049
2026-06-25 23:08:37,430 [INFO] Fetching: PDX→ANC dep=2026-07-02 ret=2026-07-06
2026-06-25 23:08:38,657 [INFO] Fetching: PDX→ANC dep=2026-07-02 ret=2026-07-08
2026-06-25 23:08:40,020 [INFO] Fetching: PDX→ANC dep=2026-07-03 ret=2026-07-08
2026-06-25 23:08:41,176 [INFO] Fetching: PDX→ANC dep=2026-07-03 ret=2026-07-07
2026-06-25 23:08:42,597 [INFO] Fetching: PDX→ANC dep=2026-07-03 ret=2026-07-09
2026-06-25 23:08:43,632 [INFO]   ★ New best: depart=2026-07-03 ret=2026-07-09 6days $949
2026-06-25 23:08:44,133 [INFO] Fetching: PDX→ANC dep=2026-07-06 ret=2026-07-11
2026-06-25 23:08:45,355 [INFO] Fetching: PDX→ANC dep=2026-07-06 ret=2026-07-10
2026-06-25 23:08:46,694 [INFO] Fetching: PDX→ANC dep=2026-07-06 ret=2026-07-12
2026-06-25 23:08:48,005 [INFO] Fetching: PDX→ANC dep=2026-07-07 ret=2026-07-12
2026-06-25 23:08:49,324 [INFO] Fetching: PDX→ANC dep=2026-07-07 ret=2026-07-11
2026-06-25 23:08:50,610 [INFO] Fetching: PDX→ANC dep=2026-07-07 ret=2026-07-13
2026-06-25 23:08:51,784 [INFO] Fetching: PDX→ANC dep=2026-07-08 ret=2026-07-13
2026-06-25 23:08:53,104 [INFO] Fetching: PDX→ANC dep=2026-07-08 ret=2026-07-12
2026-06-25 23:08:54,219 [INFO] Fetching: PDX→ANC dep=2026-07-08 ret=2026-07-14
2026-06-25 23:08:55,501 [INFO] Fetching: PDX→ANC dep=2026-07-11 ret=2026-07-16
2026-06-25 23:08:56,678 [INFO]   ★ New best: depart=2026-07-11 ret=2026-07-16 5days $719
2026-06-25 23:08:57,179 [INFO] Fetching: PDX→ANC dep=2026-07-11 ret=2026-07-15
2026-06-25 23:08:58,442 [INFO] Fetching: PDX→ANC dep=2026-07-11 ret=2026-07-17
2026-06-25 23:08:59,858 [INFO] Fetching: PDX→ANC dep=2026-07-12 ret=2026-07-17
2026-06-25 23:09:01,119 [INFO] Fetching: PDX→ANC dep=2026-07-12 ret=2026-07-16
2026-06-25 23:09:02,387 [INFO] Fetching: PDX→ANC dep=2026-07-12 ret=2026-07-18
2026-06-25 23:09:03,643 [INFO] Fetching: PDX→ANC dep=2026-07-13 ret=2026-07-18
2026-06-25 23:09:04,867 [INFO] Fetching: PDX→ANC dep=2026-07-13 ret=2026-07-17
2026-06-25 23:09:06,228 [INFO] Fetching: PDX→ANC dep=2026-07-13 ret=2026-07-19
2026-06-25 23:09:07,490 [INFO] Fetching: PDX→ANC dep=2026-07-16 ret=2026-07-21
2026-06-25 23:09:08,095 [INFO]   ★ New best: depart=2026-07-16 ret=2026-07-21 5days $601
2026-06-25 23:09:08,596 [INFO] Fetching: PDX→ANC dep=2026-07-16 ret=2026-07-20
2026-06-25 23:09:09,768 [INFO] Fetching: PDX→ANC dep=2026-07-16 ret=2026-07-22
2026-06-25 23:09:11,073 [INFO] Fetching: PDX→ANC dep=2026-07-17 ret=2026-07-22
2026-06-25 23:09:12,392 [INFO] Fetching: PDX→ANC dep=2026-07-17 ret=2026-07-21
2026-06-25 23:09:13,542 [INFO] Fetching: PDX→ANC dep=2026-07-17 ret=2026-07-23
2026-06-25 23:09:14,862 [INFO] Fetching: PDX→ANC dep=2026-07-18 ret=2026-07-23
2026-06-25 23:09:15,989 [INFO] Fetching: PDX→ANC dep=2026-07-18 ret=2026-07-22
2026-06-25 23:09:17,195 [INFO] Fetching: PDX→ANC dep=2026-07-18 ret=2026-07-24
2026-06-25 23:09:18,634 [INFO] Fetching: PDX→ANC dep=2026-07-21 ret=2026-07-26
2026-06-25 23:09:19,939 [INFO] Fetching: PDX→ANC dep=2026-07-21 ret=2026-07-25
2026-06-25 23:09:21,090 [INFO] Fetching: PDX→ANC dep=2026-07-21 ret=2026-07-27
2026-06-25 23:09:22,237 [INFO] Fetching: PDX→ANC dep=2026-07-22 ret=2026-07-27
2026-06-25 23:09:23,377 [INFO] Fetching: PDX→ANC dep=2026-07-22 ret=2026-07-26
2026-06-25 23:09:24,514 [INFO] Fetching: PDX→ANC dep=2026-07-22 ret=2026-07-28
2026-06-25 23:09:25,316 [INFO]   ★ New best: depart=2026-07-22 ret=2026-07-28 6days $589
2026-06-25 23:09:25,817 [INFO] Fetching: PDX→ANC dep=2026-07-23 ret=2026-07-28
2026-06-25 23:09:26,994 [INFO] Fetching: PDX→ANC dep=2026-07-23 ret=2026-07-27
2026-06-25 23:09:28,192 [INFO] Fetching: PDX→ANC dep=2026-07-23 ret=2026-07-29
2026-06-25 23:09:30,000 [INFO] Fetching: PDX→ANC dep=2026-07-26 ret=2026-07-31
2026-06-25 23:09:31,358 [INFO] Fetching: PDX→ANC dep=2026-07-26 ret=2026-07-30
2026-06-25 23:09:32,568 [INFO] Fetching: PDX→ANC dep=2026-07-26 ret=2026-08-01
2026-06-25 23:09:33,919 [INFO] Fetching: PDX→ANC dep=2026-07-27 ret=2026-08-01
2026-06-25 23:09:35,343 [INFO] Fetching: PDX→ANC dep=2026-07-27 ret=2026-07-31
2026-06-25 23:09:36,632 [INFO] Fetching: PDX→ANC dep=2026-07-27 ret=2026-08-02
2026-06-25 23:09:37,750 [INFO] Fetching: PDX→ANC dep=2026-07-28 ret=2026-08-02
2026-06-25 23:09:39,261 [INFO] Fetching: PDX→ANC dep=2026-07-28 ret=2026-08-01
2026-06-25 23:09:40,535 [INFO] Fetching: PDX→ANC dep=2026-07-28 ret=2026-08-03
2026-06-25 23:09:42,052 [INFO] Fetching: PDX→ANC dep=2026-07-31 ret=2026-08-05
2026-06-25 23:09:43,269 [INFO] Fetching: PDX→ANC dep=2026-07-31 ret=2026-08-04
2026-06-25 23:09:44,386 [INFO] Fetching: PDX→ANC dep=2026-07-31 ret=2026-08-06
2026-06-25 23:09:45,358 [INFO]   ★ New best: depart=2026-07-31 ret=2026-08-06 6days $569
2026-06-25 23:09:45,859 [INFO] Fetching: PDX→ANC dep=2026-08-01 ret=2026-08-06
2026-06-25 23:09:47,201 [INFO] Fetching: PDX→ANC dep=2026-08-01 ret=2026-08-05
2026-06-25 23:09:48,445 [INFO] Fetching: PDX→ANC dep=2026-08-01 ret=2026-08-07
2026-06-25 23:09:49,828 [INFO] Fetching: PDX→ANC dep=2026-08-02 ret=2026-08-07
2026-06-25 23:09:51,332 [INFO] Fetching: PDX→ANC dep=2026-08-02 ret=2026-08-06
2026-06-25 23:09:52,468 [INFO] Fetching: PDX→ANC dep=2026-08-02 ret=2026-08-08
2026-06-25 23:09:53,743 [INFO] Fetching: PDX→ANC dep=2026-08-05 ret=2026-08-10
2026-06-25 23:09:54,929 [INFO] Fetching: PDX→ANC dep=2026-08-05 ret=2026-08-09
2026-06-25 23:09:56,254 [INFO] Fetching: PDX→ANC dep=2026-08-05 ret=2026-08-11
2026-06-25 23:09:57,095 [INFO]   ★ New best: depart=2026-08-05 ret=2026-08-11 6days $549
2026-06-25 23:09:57,595 [INFO] Fetching: PDX→ANC dep=2026-08-06 ret=2026-08-11
2026-06-25 23:09:58,929 [INFO] Fetching: PDX→ANC dep=2026-08-06 ret=2026-08-10
2026-06-25 23:10:00,083 [INFO] Fetching: PDX→ANC dep=2026-08-06 ret=2026-08-12
2026-06-25 23:10:01,274 [INFO] Fetching: PDX→ANC dep=2026-08-07 ret=2026-08-12
2026-06-25 23:10:02,726 [INFO] Fetching: PDX→ANC dep=2026-08-07 ret=2026-08-11
2026-06-25 23:10:03,903 [INFO] Fetching: PDX→ANC dep=2026-08-07 ret=2026-08-13
2026-06-25 23:10:05,192 [INFO] Fetching: PDX→ANC dep=2026-08-10 ret=2026-08-15
2026-06-25 23:10:06,512 [INFO] Fetching: PDX→ANC dep=2026-08-10 ret=2026-08-14
2026-06-25 23:10:07,817 [INFO] Fetching: PDX→ANC dep=2026-08-10 ret=2026-08-16
2026-06-25 23:10:09,001 [INFO] Fetching: PDX→ANC dep=2026-08-11 ret=2026-08-16
2026-06-25 23:10:10,380 [INFO] Fetching: PDX→ANC dep=2026-08-11 ret=2026-08-15
2026-06-25 23:10:11,572 [INFO] Fetching: PDX→ANC dep=2026-08-11 ret=2026-08-17
2026-06-25 23:10:12,676 [INFO] Fetching: PDX→ANC dep=2026-08-12 ret=2026-08-17
2026-06-25 23:10:14,017 [INFO] Fetching: PDX→ANC dep=2026-08-12 ret=2026-08-16
2026-06-25 23:10:15,097 [INFO] Fetching: PDX→ANC dep=2026-08-12 ret=2026-08-18
2026-06-25 23:10:16,691 [INFO] Fetching: PDX→ANC dep=2026-08-15 ret=2026-08-20
2026-06-25 23:10:17,384 [INFO]   ★ New best: depart=2026-08-15 ret=2026-08-20 5days $463
2026-06-25 23:10:17,885 [INFO] Fetching: PDX→ANC dep=2026-08-15 ret=2026-08-19
2026-06-25 23:10:19,267 [INFO] Fetching: PDX→ANC dep=2026-08-15 ret=2026-08-21
2026-06-25 23:10:20,543 [INFO] Fetching: PDX→ANC dep=2026-08-16 ret=2026-08-21
2026-06-25 23:10:21,978 [INFO] Fetching: PDX→ANC dep=2026-08-16 ret=2026-08-20
2026-06-25 23:10:23,307 [INFO] Fetching: PDX→ANC dep=2026-08-16 ret=2026-08-22
2026-06-25 23:10:24,727 [INFO] Fetching: PDX→ANC dep=2026-08-17 ret=2026-08-22
2026-06-25 23:10:26,232 [INFO] Fetching: PDX→ANC dep=2026-08-17 ret=2026-08-21
2026-06-25 23:10:27,441 [INFO] Fetching: PDX→ANC dep=2026-08-17 ret=2026-08-23
2026-06-25 23:10:28,835 [INFO] Fetching: PDX→ANC dep=2026-08-20 ret=2026-08-25
2026-06-25 23:10:29,840 [INFO]   ★ New best: depart=2026-08-20 ret=2026-08-25 5days $443
2026-06-25 23:10:30,341 [INFO] Fetching: PDX→ANC dep=2026-08-20 ret=2026-08-24
2026-06-25 23:10:31,492 [INFO] Fetching: PDX→ANC dep=2026-08-20 ret=2026-08-26
2026-06-25 23:11:14,156 [INFO] ============================================================
2026-06-25 23:11:14,156 [INFO] Trip Tracker: PDX → ANC → PDX
2026-06-25 23:11:14,156 [INFO] Stay: 5 days (±1 day flexibility) | Target: $500
2026-06-25 23:11:14,156 [INFO] ============================================================
2026-06-25 23:11:14,157 [INFO] Fetching: PDX→ANC dep=2026-07-01 ret=2026-07-06
2026-06-25 23:11:15,198 [INFO]   ★ New best: depart=2026-07-01 ret=2026-07-06 5days $1214
2026-06-25 23:11:15,700 [INFO] Fetching: PDX→ANC dep=2026-07-01 ret=2026-07-05
2026-06-25 23:11:16,499 [INFO]   ★ New best: depart=2026-07-01 ret=2026-07-05 4days $1185
2026-06-25 23:11:17,000 [INFO] Fetching: PDX→ANC dep=2026-07-01 ret=2026-07-07
2026-06-25 23:11:18,086 [INFO] Fetching: PDX→ANC dep=2026-07-02 ret=2026-07-07
2026-06-25 23:11:18,893 [INFO]   ★ New best: depart=2026-07-02 ret=2026-07-07 5days $1049
2026-06-25 23:11:19,394 [INFO] Fetching: PDX→ANC dep=2026-07-02 ret=2026-07-06
2026-06-25 23:11:20,471 [INFO] Fetching: PDX→ANC dep=2026-07-02 ret=2026-07-08
2026-06-25 23:11:21,575 [INFO] Fetching: PDX→ANC dep=2026-07-03 ret=2026-07-08
2026-06-25 23:11:22,838 [INFO] Fetching: PDX→ANC dep=2026-07-03 ret=2026-07-07
2026-06-25 23:11:24,060 [INFO] Fetching: PDX→ANC dep=2026-07-03 ret=2026-07-09
2026-06-25 23:11:24,660 [INFO]   ★ New best: depart=2026-07-03 ret=2026-07-09 6days $949
2026-06-25 23:11:25,162 [INFO] Fetching: PDX→ANC dep=2026-07-06 ret=2026-07-11
2026-06-25 23:11:26,277 [INFO] Fetching: PDX→ANC dep=2026-07-06 ret=2026-07-10
2026-06-25 23:11:27,648 [INFO] Fetching: PDX→ANC dep=2026-07-06 ret=2026-07-12
2026-06-25 23:11:28,928 [INFO] Fetching: PDX→ANC dep=2026-07-07 ret=2026-07-12
2026-06-25 23:11:30,374 [INFO] Fetching: PDX→ANC dep=2026-07-07 ret=2026-07-11
2026-06-25 23:11:31,760 [INFO] Fetching: PDX→ANC dep=2026-07-07 ret=2026-07-13
2026-06-25 23:11:33,180 [INFO] Fetching: PDX→ANC dep=2026-07-08 ret=2026-07-13
2026-06-25 23:11:34,250 [INFO] Fetching: PDX→ANC dep=2026-07-08 ret=2026-07-12
2026-06-25 23:11:35,635 [INFO] Fetching: PDX→ANC dep=2026-07-08 ret=2026-07-14
2026-06-25 23:11:36,801 [INFO] Fetching: PDX→ANC dep=2026-07-11 ret=2026-07-16
2026-06-25 23:11:37,647 [INFO]   ★ New best: depart=2026-07-11 ret=2026-07-16 5days $719
2026-06-25 23:11:38,147 [INFO] Fetching: PDX→ANC dep=2026-07-11 ret=2026-07-15
2026-06-25 23:11:39,674 [INFO] Fetching: PDX→ANC dep=2026-07-11 ret=2026-07-17
2026-06-25 23:11:41,025 [INFO] Fetching: PDX→ANC dep=2026-07-12 ret=2026-07-17
2026-06-25 23:11:42,153 [INFO] Fetching: PDX→ANC dep=2026-07-12 ret=2026-07-16
2026-06-25 23:11:43,467 [INFO] Fetching: PDX→ANC dep=2026-07-12 ret=2026-07-18
2026-06-25 23:11:44,556 [INFO] Fetching: PDX→ANC dep=2026-07-13 ret=2026-07-18
2026-06-25 23:11:45,865 [INFO] Fetching: PDX→ANC dep=2026-07-13 ret=2026-07-17
2026-06-25 23:11:47,025 [INFO] Fetching: PDX→ANC dep=2026-07-13 ret=2026-07-19
2026-06-25 23:11:48,268 [INFO] Fetching: PDX→ANC dep=2026-07-16 ret=2026-07-21
2026-06-25 23:11:48,942 [INFO]   ★ New best: depart=2026-07-16 ret=2026-07-21 5days $601
2026-06-25 23:11:49,442 [INFO] Fetching: PDX→ANC dep=2026-07-16 ret=2026-07-20
2026-06-25 23:11:51,178 [INFO] Fetching: PDX→ANC dep=2026-07-16 ret=2026-07-22
2026-06-25 23:11:52,483 [INFO] Fetching: PDX→ANC dep=2026-07-17 ret=2026-07-22
2026-06-25 23:11:53,585 [INFO] Fetching: PDX→ANC dep=2026-07-17 ret=2026-07-21
2026-06-25 23:11:54,796 [INFO] Fetching: PDX→ANC dep=2026-07-17 ret=2026-07-23
2026-06-25 23:11:56,017 [INFO] Fetching: PDX→ANC dep=2026-07-18 ret=2026-07-23
2026-06-25 23:11:57,302 [INFO] Fetching: PDX→ANC dep=2026-07-18 ret=2026-07-22
2026-06-25 23:11:58,345 [INFO] Fetching: PDX→ANC dep=2026-07-18 ret=2026-07-24
2026-06-25 23:11:59,432 [INFO] Fetching: PDX→ANC dep=2026-07-21 ret=2026-07-26
2026-06-25 23:12:00,858 [INFO] Fetching: PDX→ANC dep=2026-07-21 ret=2026-07-25
2026-06-25 23:12:01,953 [INFO] Fetching: PDX→ANC dep=2026-07-21 ret=2026-07-27
2026-06-25 23:12:02,984 [INFO] Fetching: PDX→ANC dep=2026-07-22 ret=2026-07-27
2026-06-25 23:12:04,285 [INFO] Fetching: PDX→ANC dep=2026-07-22 ret=2026-07-26
2026-06-25 23:12:05,513 [INFO] Fetching: PDX→ANC dep=2026-07-22 ret=2026-07-28
2026-06-25 23:12:06,202 [INFO]   ★ New best: depart=2026-07-22 ret=2026-07-28 6days $589
2026-06-25 23:12:06,703 [INFO] Fetching: PDX→ANC dep=2026-07-23 ret=2026-07-28
2026-06-25 23:12:08,155 [INFO] Fetching: PDX→ANC dep=2026-07-23 ret=2026-07-27
2026-06-25 23:12:09,231 [INFO] Fetching: PDX→ANC dep=2026-07-23 ret=2026-07-29
2026-06-25 23:12:10,362 [INFO] Fetching: PDX→ANC dep=2026-07-26 ret=2026-07-31
2026-06-25 23:12:11,429 [INFO] Fetching: PDX→ANC dep=2026-07-26 ret=2026-07-30
2026-06-25 23:12:12,855 [INFO] Fetching: PDX→ANC dep=2026-07-26 ret=2026-08-01
2026-06-25 23:12:14,165 [INFO] Fetching: PDX→ANC dep=2026-07-27 ret=2026-08-01
2026-06-25 23:12:15,528 [INFO] Fetching: PDX→ANC dep=2026-07-27 ret=2026-07-31
2026-06-25 23:12:16,720 [INFO] Fetching: PDX→ANC dep=2026-07-27 ret=2026-08-02
2026-06-25 23:12:17,998 [INFO] Fetching: PDX→ANC dep=2026-07-28 ret=2026-08-02
2026-06-25 23:12:19,185 [INFO] Fetching: PDX→ANC dep=2026-07-28 ret=2026-08-01
2026-06-25 23:12:20,482 [INFO] Fetching: PDX→ANC dep=2026-07-28 ret=2026-08-03
2026-06-25 23:12:21,850 [INFO] Fetching: PDX→ANC dep=2026-07-31 ret=2026-08-05
2026-06-25 23:12:23,095 [INFO] Fetching: PDX→ANC dep=2026-07-31 ret=2026-08-04
2026-06-25 23:12:24,376 [INFO] Fetching: PDX→ANC dep=2026-07-31 ret=2026-08-06
2026-06-25 23:12:25,194 [INFO]   ★ New best: depart=2026-07-31 ret=2026-08-06 6days $569
2026-06-25 23:12:25,695 [INFO] Fetching: PDX→ANC dep=2026-08-01 ret=2026-08-06
2026-06-25 23:12:26,780 [INFO] Fetching: PDX→ANC dep=2026-08-01 ret=2026-08-05
2026-06-25 23:12:27,945 [INFO] Fetching: PDX→ANC dep=2026-08-01 ret=2026-08-07
2026-06-25 23:12:29,424 [INFO] Fetching: PDX→ANC dep=2026-08-02 ret=2026-08-07
2026-06-25 23:12:30,558 [INFO] Fetching: PDX→ANC dep=2026-08-02 ret=2026-08-06
2026-06-25 23:12:31,773 [INFO] Fetching: PDX→ANC dep=2026-08-02 ret=2026-08-08
2026-06-25 23:12:32,949 [INFO] Fetching: PDX→ANC dep=2026-08-05 ret=2026-08-10
2026-06-25 23:12:34,181 [INFO] Fetching: PDX→ANC dep=2026-08-05 ret=2026-08-09
2026-06-25 23:12:35,495 [INFO] Fetching: PDX→ANC dep=2026-08-05 ret=2026-08-11
2026-06-25 23:12:36,051 [INFO]   ★ New best: depart=2026-08-05 ret=2026-08-11 6days $549
2026-06-25 23:12:36,552 [INFO] Fetching: PDX→ANC dep=2026-08-06 ret=2026-08-11
2026-06-25 23:12:37,800 [INFO] Fetching: PDX→ANC dep=2026-08-06 ret=2026-08-10
2026-06-25 23:12:38,868 [INFO] Fetching: PDX→ANC dep=2026-08-06 ret=2026-08-12
2026-06-25 23:12:40,010 [INFO] Fetching: PDX→ANC dep=2026-08-07 ret=2026-08-12
2026-06-25 23:12:41,173 [INFO] Fetching: PDX→ANC dep=2026-08-07 ret=2026-08-11
2026-06-25 23:12:42,236 [INFO] Fetching: PDX→ANC dep=2026-08-07 ret=2026-08-13
2026-06-25 23:12:43,510 [INFO] Fetching: PDX→ANC dep=2026-08-10 ret=2026-08-15
2026-06-25 23:12:44,700 [INFO] Fetching: PDX→ANC dep=2026-08-10 ret=2026-08-14
2026-06-25 23:12:45,800 [INFO] Fetching: PDX→ANC dep=2026-08-10 ret=2026-08-16
2026-06-25 23:12:46,916 [INFO] Fetching: PDX→ANC dep=2026-08-11 ret=2026-08-16
2026-06-25 23:12:48,253 [INFO] Fetching: PDX→ANC dep=2026-08-11 ret=2026-08-15
2026-06-25 23:12:49,330 [INFO] Fetching: PDX→ANC dep=2026-08-11 ret=2026-08-17
2026-06-25 23:12:50,503 [INFO] Fetching: PDX→ANC dep=2026-08-12 ret=2026-08-17
2026-06-25 23:12:51,549 [INFO] Fetching: PDX→ANC dep=2026-08-12 ret=2026-08-16
2026-06-25 23:12:52,699 [INFO] Fetching: PDX→ANC dep=2026-08-12 ret=2026-08-18
2026-06-25 23:12:53,849 [INFO] Fetching: PDX→ANC dep=2026-08-15 ret=2026-08-20
2026-06-25 23:12:54,437 [INFO]   ★ New best: depart=2026-08-15 ret=2026-08-20 5days $463
2026-06-25 23:12:54,938 [INFO] Fetching: PDX→ANC dep=2026-08-15 ret=2026-08-19
2026-06-25 23:12:56,413 [INFO] Fetching: PDX→ANC dep=2026-08-15 ret=2026-08-21
2026-06-25 23:12:57,652 [INFO] Fetching: PDX→ANC dep=2026-08-16 ret=2026-08-21
2026-06-25 23:12:58,835 [INFO] Fetching: PDX→ANC dep=2026-08-16 ret=2026-08-20
2026-06-25 23:12:59,975 [INFO] Fetching: PDX→ANC dep=2026-08-16 ret=2026-08-22
2026-06-25 23:13:01,173 [INFO] Fetching: PDX→ANC dep=2026-08-17 ret=2026-08-22
2026-06-25 23:13:02,359 [INFO] Fetching: PDX→ANC dep=2026-08-17 ret=2026-08-21
2026-06-25 23:13:03,464 [INFO] Fetching: PDX→ANC dep=2026-08-17 ret=2026-08-23
2026-06-25 23:13:04,893 [INFO] Fetching: PDX→ANC dep=2026-08-20 ret=2026-08-25
2026-06-25 23:13:05,590 [INFO]   ★ New best: depart=2026-08-20 ret=2026-08-25 5days $443
2026-06-25 23:13:06,090 [INFO] Fetching: PDX→ANC dep=2026-08-20 ret=2026-08-24
2026-06-25 23:13:07,370 [INFO] Fetching: PDX→ANC dep=2026-08-20 ret=2026-08-26
2026-06-25 23:13:08,427 [INFO]   ★ New best: depart=2026-08-20 ret=2026-08-26 6days $442
2026-06-25 23:13:08,927 [INFO] Fetching: PDX→ANC dep=2026-08-21 ret=2026-08-26
2026-06-25 23:13:10,178 [INFO] Fetching: PDX→ANC dep=2026-08-21 ret=2026-08-25
2026-06-25 23:13:11,370 [INFO] Fetching: PDX→ANC dep=2026-08-21 ret=2026-08-27
2026-06-25 23:13:12,169 [INFO]   ★ New best: depart=2026-08-21 ret=2026-08-27 6days $377
2026-06-25 23:13:12,670 [INFO] Fetching: PDX→ANC dep=2026-08-22 ret=2026-08-27
2026-06-25 23:13:14,049 [INFO] Fetching: PDX→ANC dep=2026-08-22 ret=2026-08-26
2026-06-25 23:13:15,335 [INFO] Fetching: PDX→ANC dep=2026-08-22 ret=2026-08-28
2026-06-25 23:13:16,504 [INFO] Fetching: PDX→ANC dep=2026-08-25 ret=2026-08-30
2026-06-25 23:13:17,822 [INFO] Fetching: PDX→ANC dep=2026-08-25 ret=2026-08-29
2026-06-25 23:13:19,081 [INFO] Fetching: PDX→ANC dep=2026-08-25 ret=2026-08-31
2026-06-25 23:13:20,423 [INFO] Fetching: PDX→ANC dep=2026-08-26 ret=2026-08-31
2026-06-25 23:13:21,692 [INFO] Fetching: PDX→ANC dep=2026-08-26 ret=2026-08-30
2026-06-25 23:13:22,837 [INFO] Fetching: PDX→ANC dep=2026-08-26 ret=2026-09-01
2026-06-25 23:13:23,991 [INFO] Fetching: PDX→ANC dep=2026-08-27 ret=2026-09-01
2026-06-25 23:13:25,225 [INFO] Fetching: PDX→ANC dep=2026-08-27 ret=2026-08-31
2026-06-25 23:13:26,489 [INFO] Fetching: PDX→ANC dep=2026-08-27 ret=2026-09-02
2026-06-25 23:13:27,689 [INFO] Fetching: PDX→ANC dep=2026-08-30 ret=2026-09-04
2026-06-25 23:13:28,851 [INFO] Fetching: PDX→ANC dep=2026-08-30 ret=2026-09-03
2026-06-25 23:13:30,137 [INFO] Fetching: PDX→ANC dep=2026-08-30 ret=2026-09-05
2026-06-25 23:13:31,416 [INFO] Fetching: PDX→ANC dep=2026-08-31 ret=2026-09-05
2026-06-25 23:13:32,668 [INFO] Fetching: PDX→ANC dep=2026-08-31 ret=2026-09-04
2026-06-25 23:13:34,023 [INFO] Fetching: PDX→ANC dep=2026-08-31 ret=2026-09-06
2026-06-25 23:13:35,330 [INFO] Fetching: PDX→ANC dep=2026-09-01 ret=2026-09-06
2026-06-25 23:13:36,714 [INFO] Fetching: PDX→ANC dep=2026-09-01 ret=2026-09-05
2026-06-25 23:13:38,113 [INFO] Fetching: PDX→ANC dep=2026-09-01 ret=2026-09-07
2026-06-25 23:13:39,461 [INFO] Fetching: PDX→ANC dep=2026-09-04 ret=2026-09-09
2026-06-25 23:13:40,856 [INFO] Fetching: PDX→ANC dep=2026-09-04 ret=2026-09-08
2026-06-25 23:13:42,050 [INFO] Fetching: PDX→ANC dep=2026-09-04 ret=2026-09-10
2026-06-25 23:13:43,496 [INFO] Fetching: PDX→ANC dep=2026-09-05 ret=2026-09-10
2026-06-25 23:13:45,019 [INFO] Fetching: PDX→ANC dep=2026-09-05 ret=2026-09-09
2026-06-25 23:13:46,400 [INFO] Fetching: PDX→ANC dep=2026-09-05 ret=2026-09-11
2026-06-25 23:13:47,784 [INFO] Fetching: PDX→ANC dep=2026-09-06 ret=2026-09-11
2026-06-25 23:13:49,267 [INFO] Fetching: PDX→ANC dep=2026-09-06 ret=2026-09-10
2026-06-25 23:13:50,453 [INFO] Fetching: PDX→ANC dep=2026-09-06 ret=2026-09-12
2026-06-25 23:13:51,880 [INFO] Fetching: PDX→ANC dep=2026-09-09 ret=2026-09-14
2026-06-25 23:13:53,169 [INFO] Fetching: PDX→ANC dep=2026-09-09 ret=2026-09-13
2026-06-25 23:13:54,432 [INFO] Fetching: PDX→ANC dep=2026-09-09 ret=2026-09-15
2026-06-25 23:13:55,797 [INFO] Fetching: PDX→ANC dep=2026-09-10 ret=2026-09-15
2026-06-25 23:13:57,170 [INFO] Fetching: PDX→ANC dep=2026-09-10 ret=2026-09-14
2026-06-25 23:13:58,357 [INFO] Fetching: PDX→ANC dep=2026-09-10 ret=2026-09-16
2026-06-25 23:13:59,507 [INFO] Fetching: PDX→ANC dep=2026-09-11 ret=2026-09-16
2026-06-25 23:14:00,637 [INFO] Fetching: PDX→ANC dep=2026-09-11 ret=2026-09-15
2026-06-25 23:14:01,818 [INFO] Fetching: PDX→ANC dep=2026-09-11 ret=2026-09-17
2026-06-25 23:14:03,115 [INFO] Fetching: PDX→ANC dep=2026-09-14 ret=2026-09-19
2026-06-25 23:14:04,216 [INFO] Fetching: PDX→ANC dep=2026-09-14 ret=2026-09-18
2026-06-25 23:14:05,614 [INFO] Fetching: PDX→ANC dep=2026-09-14 ret=2026-09-20
2026-06-25 23:14:06,843 [INFO] Fetching: PDX→ANC dep=2026-09-15 ret=2026-09-20
2026-06-25 23:14:08,016 [INFO] Fetching: PDX→ANC dep=2026-09-15 ret=2026-09-19
2026-06-25 23:14:09,242 [INFO] Fetching: PDX→ANC dep=2026-09-15 ret=2026-09-21
2026-06-25 23:14:10,456 [INFO] Fetching: PDX→ANC dep=2026-09-16 ret=2026-09-21
2026-06-25 23:14:11,642 [INFO] Fetching: PDX→ANC dep=2026-09-16 ret=2026-09-20
2026-06-25 23:14:12,924 [INFO] Fetching: PDX→ANC dep=2026-09-16 ret=2026-09-22
2026-06-25 23:14:14,183 [INFO] Fetching: PDX→ANC dep=2026-09-19 ret=2026-09-24
2026-06-25 23:14:15,439 [INFO] Fetching: PDX→ANC dep=2026-09-19 ret=2026-09-23
2026-06-25 23:14:16,647 [INFO] Fetching: PDX→ANC dep=2026-09-19 ret=2026-09-25
2026-06-25 23:14:17,841 [INFO] Fetching: PDX→ANC dep=2026-09-20 ret=2026-09-25
2026-06-25 23:14:19,107 [INFO] Fetching: PDX→ANC dep=2026-09-20 ret=2026-09-24
2026-06-25 23:14:20,480 [INFO] Fetching: PDX→ANC dep=2026-09-20 ret=2026-09-26
2026-06-25 23:14:21,637 [INFO] Fetching: PDX→ANC dep=2026-09-21 ret=2026-09-26
2026-06-25 23:14:22,813 [INFO] Fetching: PDX→ANC dep=2026-09-21 ret=2026-09-25
2026-06-25 23:14:24,115 [INFO] Fetching: PDX→ANC dep=2026-09-21 ret=2026-09-27
2026-06-25 23:14:25,430 [INFO] Dashboard data saved to /workspace/dashboards/flight-tracker/data.json
2026-06-27 01:47:50,711 [INFO] ============================================================
2026-06-27 01:47:50,711 [INFO] Trip Tracker: PDX → ANC → PDX
2026-06-27 01:47:50,711 [INFO] Stay: 5 days (±1 day flexibility) | Target: $500
2026-06-27 01:47:50,711 [INFO] ============================================================
2026-06-27 01:47:50,712 [INFO] Fetching: PDX→ANC dep=2026-07-03 ret=2026-07-08
2026-06-27 01:47:51,663 [INFO]   ★ New best: depart=2026-07-03 ret=2026-07-08 5days $1049
2026-06-27 01:47:52,164 [INFO] Fetching: PDX→ANC dep=2026-07-03 ret=2026-07-07
2026-06-27 01:47:53,451 [INFO] Fetching: PDX→ANC dep=2026-07-03 ret=2026-07-09
2026-06-27 01:47:54,983 [INFO] Fetching: PDX→ANC dep=2026-07-04 ret=2026-07-09
2026-06-27 01:47:56,203 [INFO] Fetching: PDX→ANC dep=2026-07-04 ret=2026-07-08
2026-06-27 01:47:57,375 [INFO] Fetching: PDX→ANC dep=2026-07-04 ret=2026-07-10
2026-06-27 01:47:58,024 [INFO]   ★ New best: depart=2026-07-04 ret=2026-07-10 6days $949
2026-06-27 01:47:58,525 [INFO] Fetching: PDX→ANC dep=2026-07-05 ret=2026-07-10
2026-06-27 01:47:59,788 [INFO] Fetching: PDX→ANC dep=2026-07-05 ret=2026-07-09
2026-06-27 01:48:00,996 [INFO] Fetching: PDX→ANC dep=2026-07-05 ret=2026-07-11
2026-06-27 01:48:02,180 [INFO] Fetching: PDX→ANC dep=2026-07-08 ret=2026-07-13
2026-06-27 01:48:03,425 [INFO] Fetching: PDX→ANC dep=2026-07-08 ret=2026-07-12
2026-06-27 01:48:04,575 [INFO] Fetching: PDX→ANC dep=2026-07-08 ret=2026-07-14
2026-06-27 01:48:05,967 [INFO] Fetching: PDX→ANC dep=2026-07-09 ret=2026-07-14
2026-06-27 01:48:07,151 [INFO] Fetching: PDX→ANC dep=2026-07-09 ret=2026-07-13
2026-06-27 01:48:08,317 [INFO] Fetching: PDX→ANC dep=2026-07-09 ret=2026-07-15
2026-06-27 01:48:09,520 [INFO] Fetching: PDX→ANC dep=2026-07-10 ret=2026-07-15
2026-06-27 01:48:10,313 [INFO]   ★ New best: depart=2026-07-10 ret=2026-07-15 5days $809
2026-06-27 01:48:10,813 [INFO] Fetching: PDX→ANC dep=2026-07-10 ret=2026-07-14
2026-06-27 01:48:11,988 [INFO] Fetching: PDX→ANC dep=2026-07-10 ret=2026-07-16
2026-06-27 01:48:13,267 [INFO] Fetching: PDX→ANC dep=2026-07-13 ret=2026-07-18
2026-06-27 01:48:14,042 [INFO]   ★ New best: depart=2026-07-13 ret=2026-07-18 5days $759
2026-06-27 01:48:14,543 [INFO] Fetching: PDX→ANC dep=2026-07-13 ret=2026-07-17
2026-06-27 01:48:15,247 [INFO]   ★ New best: depart=2026-07-13 ret=2026-07-17 4days $739
2026-06-27 01:48:15,747 [INFO] Fetching: PDX→ANC dep=2026-07-13 ret=2026-07-19
2026-06-27 01:48:16,899 [INFO] Fetching: PDX→ANC dep=2026-07-14 ret=2026-07-19
2026-06-27 01:48:18,057 [INFO] Fetching: PDX→ANC dep=2026-07-14 ret=2026-07-18
2026-06-27 01:48:19,271 [INFO] Fetching: PDX→ANC dep=2026-07-14 ret=2026-07-20
2026-06-27 01:48:20,115 [INFO]   ★ New best: depart=2026-07-14 ret=2026-07-20 6days $719
2026-06-27 01:48:20,616 [INFO] Fetching: PDX→ANC dep=2026-07-15 ret=2026-07-20
2026-06-27 01:48:21,737 [INFO] Fetching: PDX→ANC dep=2026-07-15 ret=2026-07-19
2026-06-27 01:48:23,091 [INFO] Fetching: PDX→ANC dep=2026-07-15 ret=2026-07-21
2026-06-27 01:48:24,238 [INFO] Fetching: PDX→ANC dep=2026-07-18 ret=2026-07-23
2026-06-27 01:48:24,922 [INFO]   ★ New best: depart=2026-07-18 ret=2026-07-23 5days $589
2026-06-27 01:48:25,423 [INFO] Fetching: PDX→ANC dep=2026-07-18 ret=2026-07-22
2026-06-27 01:48:26,806 [INFO] Fetching: PDX→ANC dep=2026-07-18 ret=2026-07-24
2026-06-27 01:48:28,036 [INFO] Fetching: PDX→ANC dep=2026-07-19 ret=2026-07-24
2026-06-27 01:48:29,244 [INFO] Fetching: PDX→ANC dep=2026-07-19 ret=2026-07-23
2026-06-27 01:48:30,650 [INFO] Fetching: PDX→ANC dep=2026-07-19 ret=2026-07-25
2026-06-27 01:48:31,963 [INFO] Fetching: PDX→ANC dep=2026-07-20 ret=2026-07-25
2026-06-27 01:48:33,182 [INFO] Fetching: PDX→ANC dep=2026-07-20 ret=2026-07-24
2026-06-27 01:48:34,424 [INFO] Fetching: PDX→ANC dep=2026-07-20 ret=2026-07-26
2026-06-27 01:48:35,674 [INFO] Fetching: PDX→ANC dep=2026-07-23 ret=2026-07-28
2026-06-27 01:48:36,893 [INFO] Fetching: PDX→ANC dep=2026-07-23 ret=2026-07-27
2026-06-27 01:48:38,106 [INFO] Fetching: PDX→ANC dep=2026-07-23 ret=2026-07-29
2026-06-27 01:48:39,362 [INFO] Fetching: PDX→ANC dep=2026-07-24 ret=2026-07-29
2026-06-27 01:48:40,693 [INFO] Fetching: PDX→ANC dep=2026-07-24 ret=2026-07-28
2026-06-27 01:48:41,907 [INFO] Fetching: PDX→ANC dep=2026-07-24 ret=2026-07-30
2026-06-27 01:48:42,605 [INFO]   ★ New best: depart=2026-07-24 ret=2026-07-30 6days $569
2026-06-27 01:48:43,106 [INFO] Fetching: PDX→ANC dep=2026-07-25 ret=2026-07-30
2026-06-27 01:48:44,440 [INFO] Fetching: PDX→ANC dep=2026-07-25 ret=2026-07-29
2026-06-27 01:48:45,640 [INFO] Fetching: PDX→ANC dep=2026-07-25 ret=2026-07-31
2026-06-27 01:48:46,965 [INFO] Fetching: PDX→ANC dep=2026-07-28 ret=2026-08-02
2026-06-27 01:48:48,141 [INFO] Fetching: PDX→ANC dep=2026-07-28 ret=2026-08-01
2026-06-27 01:48:49,299 [INFO] Fetching: PDX→ANC dep=2026-07-28 ret=2026-08-03
2026-06-27 01:48:50,461 [INFO] Fetching: PDX→ANC dep=2026-07-29 ret=2026-08-03
2026-06-27 01:48:51,705 [INFO] Fetching: PDX→ANC dep=2026-07-29 ret=2026-08-02
2026-06-27 01:48:52,948 [INFO] Fetching: PDX→ANC dep=2026-07-29 ret=2026-08-04
2026-06-27 01:48:54,281 [INFO] Fetching: PDX→ANC dep=2026-07-30 ret=2026-08-04
2026-06-27 01:48:55,496 [INFO] Fetching: PDX→ANC dep=2026-07-30 ret=2026-08-03
2026-06-27 01:48:56,665 [INFO] Fetching: PDX→ANC dep=2026-07-30 ret=2026-08-05
2026-06-27 01:48:57,890 [INFO] Fetching: PDX→ANC dep=2026-08-02 ret=2026-08-07
2026-06-27 01:48:59,246 [INFO] Fetching: PDX→ANC dep=2026-08-02 ret=2026-08-06
2026-06-27 01:49:00,383 [INFO] Fetching: PDX→ANC dep=2026-08-02 ret=2026-08-08
2026-06-27 01:49:01,682 [INFO] Fetching: PDX→ANC dep=2026-08-03 ret=2026-08-08
2026-06-27 01:49:02,923 [INFO] Fetching: PDX→ANC dep=2026-08-03 ret=2026-08-07
2026-06-27 01:49:04,146 [INFO] Fetching: PDX→ANC dep=2026-08-03 ret=2026-08-09
2026-06-27 01:49:05,319 [INFO] Fetching: PDX→ANC dep=2026-08-04 ret=2026-08-09
2026-06-27 01:49:06,534 [INFO] Fetching: PDX→ANC dep=2026-08-04 ret=2026-08-08
2026-06-27 01:49:08,065 [INFO] Fetching: PDX→ANC dep=2026-08-04 ret=2026-08-10
2026-06-27 01:49:09,264 [INFO] Fetching: PDX→ANC dep=2026-08-07 ret=2026-08-12
2026-06-27 01:49:09,991 [INFO]   ★ New best: depart=2026-08-07 ret=2026-08-12 5days $549
2026-06-27 01:49:10,492 [INFO] Fetching: PDX→ANC dep=2026-08-07 ret=2026-08-11
2026-06-27 01:49:11,704 [INFO] Fetching: PDX→ANC dep=2026-08-07 ret=2026-08-13
2026-06-27 01:49:12,993 [INFO] Fetching: PDX→ANC dep=2026-08-08 ret=2026-08-13
2026-06-27 01:49:14,231 [INFO] Fetching: PDX→ANC dep=2026-08-08 ret=2026-08-12
2026-06-27 01:49:15,481 [INFO] Fetching: PDX→ANC dep=2026-08-08 ret=2026-08-14
2026-06-27 01:49:16,798 [INFO] Fetching: PDX→ANC dep=2026-08-09 ret=2026-08-14
2026-06-27 01:49:18,026 [INFO] Fetching: PDX→ANC dep=2026-08-09 ret=2026-08-13
2026-06-27 01:49:19,220 [INFO] Fetching: PDX→ANC dep=2026-08-09 ret=2026-08-15
2026-06-27 01:49:20,395 [INFO] Fetching: PDX→ANC dep=2026-08-12 ret=2026-08-17
2026-06-27 01:49:21,585 [INFO] Fetching: PDX→ANC dep=2026-08-12 ret=2026-08-16
2026-06-27 01:49:22,969 [INFO] Fetching: PDX→ANC dep=2026-08-12 ret=2026-08-18
2026-06-27 01:49:24,157 [INFO] Fetching: PDX→ANC dep=2026-08-13 ret=2026-08-18
2026-06-27 01:49:25,352 [INFO] Fetching: PDX→ANC dep=2026-08-13 ret=2026-08-17
2026-06-27 01:49:26,698 [INFO] Fetching: PDX→ANC dep=2026-08-13 ret=2026-08-19
2026-06-27 01:49:27,433 [INFO]   ★ New best: depart=2026-08-13 ret=2026-08-19 6days $538
2026-06-27 01:49:27,935 [INFO] Fetching: PDX→ANC dep=2026-08-14 ret=2026-08-19
2026-06-27 01:49:29,161 [INFO] Fetching: PDX→ANC dep=2026-08-14 ret=2026-08-18
2026-06-27 01:49:30,381 [INFO] Fetching: PDX→ANC dep=2026-08-14 ret=2026-08-20
2026-06-27 01:49:31,107 [INFO]   ★ New best: depart=2026-08-14 ret=2026-08-20 6days $473
2026-06-27 01:49:31,608 [INFO] Fetching: PDX→ANC dep=2026-08-17 ret=2026-08-22
2026-06-27 01:49:33,031 [INFO] Fetching: PDX→ANC dep=2026-08-17 ret=2026-08-21
2026-06-27 01:49:34,173 [INFO] Fetching: PDX→ANC dep=2026-08-17 ret=2026-08-23
2026-06-27 01:49:35,463 [INFO] Fetching: PDX→ANC dep=2026-08-18 ret=2026-08-23
2026-06-27 01:49:36,635 [INFO] Fetching: PDX→ANC dep=2026-08-18 ret=2026-08-22
2026-06-27 01:49:38,007 [INFO] Fetching: PDX→ANC dep=2026-08-18 ret=2026-08-24
2026-06-27 01:49:39,204 [INFO] Fetching: PDX→ANC dep=2026-08-19 ret=2026-08-24
2026-06-27 01:49:39,886 [INFO]   ★ New best: depart=2026-08-19 ret=2026-08-24 5days $462
2026-06-27 01:49:40,387 [INFO] Fetching: PDX→ANC dep=2026-08-19 ret=2026-08-23
2026-06-27 01:49:41,968 [INFO] Fetching: PDX→ANC dep=2026-08-19 ret=2026-08-25
2026-06-27 01:49:42,741 [INFO]   ★ New best: depart=2026-08-19 ret=2026-08-25 6days $417
2026-06-27 01:49:43,242 [INFO] Fetching: PDX→ANC dep=2026-08-22 ret=2026-08-27
2026-06-27 01:49:44,025 [INFO]   ★ New best: depart=2026-08-22 ret=2026-08-27 5days $404
2026-06-27 01:49:44,526 [INFO] Fetching: PDX→ANC dep=2026-08-22 ret=2026-08-26
2026-06-27 01:49:45,765 [INFO] Fetching: PDX→ANC dep=2026-08-22 ret=2026-08-28
2026-06-27 01:49:46,468 [INFO]   ★ New best: depart=2026-08-22 ret=2026-08-28 6days $397
2026-06-27 01:49:46,968 [INFO] Fetching: PDX→ANC dep=2026-08-23 ret=2026-08-28
2026-06-27 01:49:48,149 [INFO] Fetching: PDX→ANC dep=2026-08-23 ret=2026-08-27
2026-06-27 01:49:49,365 [INFO] Fetching: PDX→ANC dep=2026-08-23 ret=2026-08-29
2026-07-01 00:01:47,105 [INFO] ============================================================
2026-07-01 00:01:47,106 [INFO] Trip Tracker: PDX → ANC → PDX
2026-07-01 00:01:47,106 [INFO] Stay: 5 days (±1 day flexibility) | Target: $500
2026-07-01 00:01:47,106 [INFO] ============================================================
2026-07-01 00:01:47,107 [INFO] Fetching: PDX→ANC dep=2026-07-07 ret=2026-07-12
2026-07-01 00:01:47,945 [INFO]   ★ New best: depart=2026-07-07 ret=2026-07-12 5days $1049
2026-07-01 00:01:48,446 [INFO] Fetching: PDX→ANC dep=2026-07-07 ret=2026-07-11
2026-07-01 00:01:49,695 [INFO] Fetching: PDX→ANC dep=2026-07-07 ret=2026-07-13
2026-07-01 00:01:50,847 [INFO] Fetching: PDX→ANC dep=2026-07-08 ret=2026-07-13
2026-07-01 00:01:51,999 [INFO] Fetching: PDX→ANC dep=2026-07-08 ret=2026-07-12
2026-07-01 00:01:53,228 [INFO] Fetching: PDX→ANC dep=2026-07-08 ret=2026-07-14
2026-07-01 00:01:53,918 [INFO]   ★ New best: depart=2026-07-08 ret=2026-07-14 6days $949
2026-07-01 00:01:54,418 [INFO] Fetching: PDX→ANC dep=2026-07-09 ret=2026-07-14
2026-07-01 00:01:55,563 [INFO] Fetching: PDX→ANC dep=2026-07-09 ret=2026-07-13
2026-07-01 00:01:56,790 [INFO] Fetching: PDX→ANC dep=2026-07-09 ret=2026-07-15
2026-07-01 00:01:58,022 [INFO] Fetching: PDX→ANC dep=2026-07-12 ret=2026-07-17
2026-07-01 00:01:59,259 [INFO] Fetching: PDX→ANC dep=2026-07-12 ret=2026-07-16
2026-07-01 00:02:00,474 [INFO] Fetching: PDX→ANC dep=2026-07-12 ret=2026-07-18
2026-07-01 00:02:01,728 [INFO] Fetching: PDX→ANC dep=2026-07-13 ret=2026-07-18
2026-07-01 00:02:02,949 [INFO] Fetching: PDX→ANC dep=2026-07-13 ret=2026-07-17
2026-07-01 00:02:04,122 [INFO] Fetching: PDX→ANC dep=2026-07-13 ret=2026-07-19
2026-07-01 00:02:05,344 [INFO] Fetching: PDX→ANC dep=2026-07-14 ret=2026-07-19
2026-07-01 00:02:06,027 [INFO]   ★ New best: depart=2026-07-14 ret=2026-07-19 5days $809
2026-07-01 00:02:06,527 [INFO] Fetching: PDX→ANC dep=2026-07-14 ret=2026-07-18
2026-07-01 00:02:07,727 [INFO] Fetching: PDX→ANC dep=2026-07-14 ret=2026-07-20
2026-07-01 00:02:08,862 [INFO] Fetching: PDX→ANC dep=2026-07-17 ret=2026-07-22
2026-07-01 00:02:09,662 [INFO]   ★ New best: depart=2026-07-17 ret=2026-07-22 5days $719
2026-07-01 00:02:10,162 [INFO] Fetching: PDX→ANC dep=2026-07-17 ret=2026-07-21
2026-07-01 00:02:11,348 [INFO] Fetching: PDX→ANC dep=2026-07-17 ret=2026-07-23
2026-07-01 00:02:12,571 [INFO] Fetching: PDX→ANC dep=2026-07-18 ret=2026-07-23
2026-07-01 00:02:13,873 [INFO] Fetching: PDX→ANC dep=2026-07-18 ret=2026-07-22
2026-07-01 00:02:15,122 [INFO] Fetching: PDX→ANC dep=2026-07-18 ret=2026-07-24
2026-07-01 00:02:16,353 [INFO] Fetching: PDX→ANC dep=2026-07-19 ret=2026-07-24
2026-07-01 00:02:17,635 [INFO] Fetching: PDX→ANC dep=2026-07-19 ret=2026-07-23
2026-07-01 00:02:18,870 [INFO] Fetching: PDX→ANC dep=2026-07-19 ret=2026-07-25
2026-07-01 00:02:20,072 [INFO] Fetching: PDX→ANC dep=2026-07-22 ret=2026-07-27
2026-07-01 00:02:20,810 [INFO]   ★ New best: depart=2026-07-22 ret=2026-07-27 5days $622
2026-07-01 00:02:21,311 [INFO] Fetching: PDX→ANC dep=2026-07-22 ret=2026-07-26
2026-07-01 00:02:22,493 [INFO] Fetching: PDX→ANC dep=2026-07-22 ret=2026-07-28
2026-07-01 00:02:23,199 [INFO]   ★ New best: depart=2026-07-22 ret=2026-07-28 6days $608
2026-07-01 00:02:23,699 [INFO] Fetching: PDX→ANC dep=2026-07-23 ret=2026-07-28
2026-07-01 00:02:24,322 [INFO]   ★ New best: depart=2026-07-23 ret=2026-07-28 5days $575
2026-07-01 00:02:24,823 [INFO] Fetching: PDX→ANC dep=2026-07-23 ret=2026-07-27
2026-07-01 00:02:26,225 [INFO] Fetching: PDX→ANC dep=2026-07-23 ret=2026-07-29
2026-07-01 00:02:27,476 [INFO] Fetching: PDX→ANC dep=2026-07-24 ret=2026-07-29
2026-07-01 00:02:28,185 [INFO]   ★ New best: depart=2026-07-24 ret=2026-07-29 5days $569
2026-07-01 00:02:28,686 [INFO] Fetching: PDX→ANC dep=2026-07-24 ret=2026-07-28
2026-07-01 00:02:29,901 [INFO] Fetching: PDX→ANC dep=2026-07-24 ret=2026-07-30
2026-07-01 00:02:31,360 [INFO] Fetching: PDX→ANC dep=2026-07-27 ret=2026-08-01
2026-07-01 00:02:32,702 [INFO] Fetching: PDX→ANC dep=2026-07-27 ret=2026-07-31
2026-07-01 00:02:34,056 [INFO] Fetching: PDX→ANC dep=2026-07-27 ret=2026-08-02
2026-07-01 00:02:35,385 [INFO] Fetching: PDX→ANC dep=2026-07-28 ret=2026-08-02
2026-07-01 00:02:36,738 [INFO] Fetching: PDX→ANC dep=2026-07-28 ret=2026-08-01
2026-07-01 00:02:37,976 [INFO] Fetching: PDX→ANC dep=2026-07-28 ret=2026-08-03
2026-07-01 00:02:39,189 [INFO] Fetching: PDX→ANC dep=2026-07-29 ret=2026-08-03
2026-07-01 00:02:40,422 [INFO] Fetching: PDX→ANC dep=2026-07-29 ret=2026-08-02
2026-07-01 00:02:41,710 [INFO] Fetching: PDX→ANC dep=2026-07-29 ret=2026-08-04
2026-07-01 00:02:42,943 [INFO] Fetching: PDX→ANC dep=2026-08-01 ret=2026-08-06
2026-07-01 00:02:44,201 [INFO] Fetching: PDX→ANC dep=2026-08-01 ret=2026-08-05
2026-07-01 00:02:45,426 [INFO] Fetching: PDX→ANC dep=2026-08-01 ret=2026-08-07
2026-07-01 00:02:46,623 [INFO] Fetching: PDX→ANC dep=2026-08-02 ret=2026-08-07
2026-07-01 00:02:47,762 [INFO] Fetching: PDX→ANC dep=2026-08-02 ret=2026-08-06
2026-07-01 00:02:49,017 [INFO] Fetching: PDX→ANC dep=2026-08-02 ret=2026-08-08
2026-07-01 00:02:50,203 [INFO] Fetching: PDX→ANC dep=2026-08-03 ret=2026-08-08
2026-07-01 00:02:51,357 [INFO] Fetching: PDX→ANC dep=2026-08-03 ret=2026-08-07
2026-07-01 00:02:52,663 [INFO] Fetching: PDX→ANC dep=2026-08-03 ret=2026-08-09
2026-07-01 00:02:53,852 [INFO] Fetching: PDX→ANC dep=2026-08-06 ret=2026-08-11
2026-07-01 00:02:54,467 [INFO]   ★ New best: depart=2026-08-06 ret=2026-08-11 5days $549
2026-07-01 00:02:54,967 [INFO] Fetching: PDX→ANC dep=2026-08-06 ret=2026-08-10
2026-07-01 00:02:56,069 [INFO] Fetching: PDX→ANC dep=2026-08-06 ret=2026-08-12
2026-07-01 00:02:57,309 [INFO] Fetching: PDX→ANC dep=2026-08-07 ret=2026-08-12
2026-07-01 00:02:58,478 [INFO] Fetching: PDX→ANC dep=2026-08-07 ret=2026-08-11
2026-07-01 00:02:59,631 [INFO] Fetching: PDX→ANC dep=2026-08-07 ret=2026-08-13
2026-07-01 00:03:00,822 [INFO] Fetching: PDX→ANC dep=2026-08-08 ret=2026-08-13
2026-07-01 00:03:01,977 [INFO] Fetching: PDX→ANC dep=2026-08-08 ret=2026-08-12
2026-07-01 00:03:03,367 [INFO] Fetching: PDX→ANC dep=2026-08-08 ret=2026-08-14
2026-07-01 00:03:04,508 [INFO] Fetching: PDX→ANC dep=2026-08-11 ret=2026-08-16
2026-07-01 00:03:05,817 [INFO] Fetching: PDX→ANC dep=2026-08-11 ret=2026-08-15
2026-07-01 00:03:07,196 [INFO] Fetching: PDX→ANC dep=2026-08-11 ret=2026-08-17
2026-07-01 00:03:08,473 [INFO] Fetching: PDX→ANC dep=2026-08-12 ret=2026-08-17
2026-07-01 00:03:09,639 [INFO] Fetching: PDX→ANC dep=2026-08-12 ret=2026-08-16
2026-07-01 00:03:10,720 [INFO] Fetching: PDX→ANC dep=2026-08-12 ret=2026-08-18
2026-07-01 00:03:12,020 [INFO] Fetching: PDX→ANC dep=2026-08-13 ret=2026-08-18
2026-07-01 00:03:13,233 [INFO] Fetching: PDX→ANC dep=2026-08-13 ret=2026-08-17
2026-07-01 00:03:14,449 [INFO] Fetching: PDX→ANC dep=2026-08-13 ret=2026-08-19
2026-07-01 00:03:15,162 [INFO]   ★ New best: depart=2026-08-13 ret=2026-08-19 6days $535
2026-07-01 00:03:15,663 [INFO] Fetching: PDX→ANC dep=2026-08-16 ret=2026-08-21
2026-07-01 00:03:16,943 [INFO] Fetching: PDX→ANC dep=2026-08-16 ret=2026-08-20
2026-07-01 00:03:17,646 [INFO]   ★ New best: depart=2026-08-16 ret=2026-08-20 4days $523
2026-07-01 00:03:18,146 [INFO] Fetching: PDX→ANC dep=2026-08-16 ret=2026-08-22
2026-07-01 00:03:19,413 [INFO] Fetching: PDX→ANC dep=2026-08-17 ret=2026-08-22
2026-07-01 00:03:20,630 [INFO] Fetching: PDX→ANC dep=2026-08-17 ret=2026-08-21
2026-07-01 00:03:21,850 [INFO] Fetching: PDX→ANC dep=2026-08-17 ret=2026-08-23
2026-07-01 00:03:23,124 [INFO] Fetching: PDX→ANC dep=2026-08-18 ret=2026-08-23
2026-07-01 00:03:24,410 [INFO] Fetching: PDX→ANC dep=2026-08-18 ret=2026-08-22
2026-07-01 00:03:25,652 [INFO] Fetching: PDX→ANC dep=2026-08-18 ret=2026-08-24
2026-07-01 00:03:26,397 [INFO]   ★ New best: depart=2026-08-18 ret=2026-08-24 6days $493
2026-07-01 00:03:26,898 [INFO] Fetching: PDX→ANC dep=2026-08-21 ret=2026-08-26
2026-07-01 00:03:27,627 [INFO]   ★ New best: depart=2026-08-21 ret=2026-08-26 5days $407
2026-07-01 00:03:28,128 [INFO] Fetching: PDX→ANC dep=2026-08-21 ret=2026-08-25
2026-07-01 00:03:29,272 [INFO] Fetching: PDX→ANC dep=2026-08-21 ret=2026-08-27
2026-07-01 00:03:29,964 [INFO]   ★ New best: depart=2026-08-21 ret=2026-08-27 6days $399
2026-07-01 00:03:30,464 [INFO] Fetching: PDX→ANC dep=2026-08-22 ret=2026-08-27
2026-07-01 00:03:31,718 [INFO] Fetching: PDX→ANC dep=2026-08-22 ret=2026-08-26
2026-07-01 00:03:33,069 [INFO] Fetching: PDX→ANC dep=2026-08-22 ret=2026-08-28
2026-07-01 00:03:33,812 [INFO]   ★ New best: depart=2026-08-22 ret=2026-08-28 6days $397
2026-07-01 00:03:34,312 [INFO] Fetching: PDX→ANC dep=2026-08-23 ret=2026-08-28
2026-07-01 00:03:35,664 [INFO] Fetching: PDX→ANC dep=2026-08-23 ret=2026-08-27
2026-07-01 00:03:36,828 [INFO] Fetching: PDX→ANC dep=2026-08-23 ret=2026-08-29
2026-07-01 00:03:38,091 [INFO] Fetching: PDX→ANC dep=2026-08-26 ret=2026-08-31
2026-07-01 00:03:38,797 [INFO]   ★ New best: depart=2026-08-26 ret=2026-08-31 5days $377
2026-07-01 00:03:39,298 [INFO] Fetching: PDX→ANC dep=2026-08-26 ret=2026-08-30
2026-07-01 00:03:40,504 [INFO] Fetching: PDX→ANC dep=2026-08-26 ret=2026-09-01
2026-07-01 00:03:41,672 [INFO] Fetching: PDX→ANC dep=2026-08-27 ret=2026-09-01
2026-07-01 00:03:42,939 [INFO] Fetching: PDX→ANC dep=2026-08-27 ret=2026-08-31
2026-07-01 00:03:44,349 [INFO] Fetching: PDX→ANC dep=2026-08-27 ret=2026-09-02
2026-07-01 00:03:45,583 [INFO] Fetching: PDX→ANC dep=2026-08-28 ret=2026-09-02
2026-07-01 00:03:46,892 [INFO] Fetching: PDX→ANC dep=2026-08-28 ret=2026-09-01
2026-07-01 00:03:48,096 [INFO] Fetching: PDX→ANC dep=2026-08-28 ret=2026-09-03
2026-07-01 00:03:49,232 [INFO] Fetching: PDX→ANC dep=2026-08-31 ret=2026-09-05
2026-07-01 00:03:50,457 [INFO] Fetching: PDX→ANC dep=2026-08-31 ret=2026-09-04
2026-07-01 00:03:51,768 [INFO] Fetching: PDX→ANC dep=2026-08-31 ret=2026-09-06
2026-07-01 00:03:52,907 [INFO] Fetching: PDX→ANC dep=2026-09-01 ret=2026-09-06
2026-07-01 00:03:54,161 [INFO] Fetching: PDX→ANC dep=2026-09-01 ret=2026-09-05
2026-07-01 00:03:55,373 [INFO] Fetching: PDX→ANC dep=2026-09-01 ret=2026-09-07
2026-07-01 00:03:56,504 [INFO] Fetching: PDX→ANC dep=2026-09-02 ret=2026-09-07
2026-07-01 00:03:57,808 [INFO] Fetching: PDX→ANC dep=2026-09-02 ret=2026-09-06
2026-07-01 00:03:59,028 [INFO] Fetching: PDX→ANC dep=2026-09-02 ret=2026-09-08
2026-07-01 00:04:00,308 [INFO] Fetching: PDX→ANC dep=2026-09-05 ret=2026-09-10
2026-07-01 00:04:01,475 [INFO] Fetching: PDX→ANC dep=2026-09-05 ret=2026-09-09
2026-07-01 00:04:02,751 [INFO] Fetching: PDX→ANC dep=2026-09-05 ret=2026-09-11
2026-07-01 00:04:04,175 [INFO] Fetching: PDX→ANC dep=2026-09-06 ret=2026-09-11
2026-07-01 00:04:05,396 [INFO] Fetching: PDX→ANC dep=2026-09-06 ret=2026-09-10
2026-07-01 00:04:06,692 [INFO] Fetching: PDX→ANC dep=2026-09-06 ret=2026-09-12
2026-07-01 00:04:07,928 [INFO] Fetching: PDX→ANC dep=2026-09-07 ret=2026-09-12
2026-07-01 00:04:09,161 [INFO] Fetching: PDX→ANC dep=2026-09-07 ret=2026-09-11
2026-07-01 00:04:10,490 [INFO] Fetching: PDX→ANC dep=2026-09-07 ret=2026-09-13
2026-07-01 00:04:11,751 [INFO] Fetching: PDX→ANC dep=2026-09-10 ret=2026-09-15
2026-07-01 00:04:13,044 [INFO] Fetching: PDX→ANC dep=2026-09-10 ret=2026-09-14
2026-07-01 00:04:14,338 [INFO] Fetching: PDX→ANC dep=2026-09-10 ret=2026-09-16
2026-07-01 00:04:15,644 [INFO] Fetching: PDX→ANC dep=2026-09-11 ret=2026-09-16
2026-07-01 00:04:16,811 [INFO] Fetching: PDX→ANC dep=2026-09-11 ret=2026-09-15
2026-07-01 00:04:18,100 [INFO] Fetching: PDX→ANC dep=2026-09-11 ret=2026-09-17
2026-07-01 00:04:19,384 [INFO] Fetching: PDX→ANC dep=2026-09-12 ret=2026-09-17
2026-07-01 00:04:20,684 [INFO] Fetching: PDX→ANC dep=2026-09-12 ret=2026-09-16
2026-07-01 00:04:21,844 [INFO] Fetching: PDX→ANC dep=2026-09-12 ret=2026-09-18
2026-07-01 00:04:23,091 [INFO] Fetching: PDX→ANC dep=2026-09-15 ret=2026-09-20
2026-07-01 00:04:24,418 [INFO] Fetching: PDX→ANC dep=2026-09-15 ret=2026-09-19
2026-07-01 00:04:25,625 [INFO] Fetching: PDX→ANC dep=2026-09-15 ret=2026-09-21
2026-07-01 00:04:26,957 [INFO] Fetching: PDX→ANC dep=2026-09-16 ret=2026-09-21
2026-07-01 00:04:28,206 [INFO] Fetching: PDX→ANC dep=2026-09-16 ret=2026-09-20
2026-07-01 00:04:29,409 [INFO] Fetching: PDX→ANC dep=2026-09-16 ret=2026-09-22
2026-07-01 00:04:30,500 [INFO] Fetching: PDX→ANC dep=2026-09-17 ret=2026-09-22
2026-07-01 00:04:31,912 [INFO] Fetching: PDX→ANC dep=2026-09-17 ret=2026-09-21
2026-07-01 00:04:33,348 [INFO] Fetching: PDX→ANC dep=2026-09-17 ret=2026-09-23
2026-07-01 00:04:34,567 [INFO] Fetching: PDX→ANC dep=2026-09-20 ret=2026-09-25
2026-07-01 00:04:35,650 [INFO] Fetching: PDX→ANC dep=2026-09-20 ret=2026-09-24
2026-07-01 00:04:37,046 [INFO] Fetching: PDX→ANC dep=2026-09-20 ret=2026-09-26
2026-07-01 00:04:38,263 [INFO] Fetching: PDX→ANC dep=2026-09-21 ret=2026-09-26
2026-07-01 00:04:39,546 [INFO] Fetching: PDX→ANC dep=2026-09-21 ret=2026-09-25
2026-07-01 00:04:40,794 [INFO] Fetching: PDX→ANC dep=2026-09-21 ret=2026-09-27
2026-07-01 00:04:42,057 [INFO] Fetching: PDX→ANC dep=2026-09-22 ret=2026-09-27
2026-07-01 00:04:43,151 [INFO] Fetching: PDX→ANC dep=2026-09-22 ret=2026-09-26
2026-07-01 00:04:44,326 [INFO] Fetching: PDX→ANC dep=2026-09-22 ret=2026-09-28
2026-07-01 00:04:45,725 [INFO] Fetching: PDX→ANC dep=2026-09-25 ret=2026-09-30
2026-07-01 00:04:46,893 [INFO] Fetching: PDX→ANC dep=2026-09-25 ret=2026-09-29
