2026-06-21 01:16:38,863 [INFO] ============================================================
2026-06-21 01:16:38,863 [INFO] Starting ShopGoodwill Mini PC scan at 2026-06-21T01:16:38.863343
2026-06-21 01:16:38,863 [INFO] ============================================================
2026-06-21 01:16:38,863 [INFO] Searching: 'mini pc'
2026-06-21 01:16:42,107 [INFO]   ✓ MATCH: Origimagic C4 Mini Pc 512gb Ssd Wifi 5 Lan Desktop Computer
2026-06-21 01:16:42,107 [INFO]     Price: $120.0  Buy Now: $0.0
2026-06-21 01:16:42,107 [INFO]     URL: https://shopgoodwill.com/item/267800898
2026-06-21 01:16:44,695 [ERROR] Search failed for 'mini pc' page 2: 500 Server Error: Internal Server Error for url: https://buyerapi.shopgoodwill.com/api/Search/ItemListing
2026-06-21 01:16:46,695 [INFO] Searching: 'mini desktop'
2026-06-21 01:16:52,320 [ERROR] Search failed for 'mini desktop' page 3: 500 Server Error: Internal Server Error for url: https://buyerapi.shopgoodwill.com/api/Search/ItemListing
2026-06-21 01:16:54,321 [INFO] Searching: 'NUC'
2026-06-21 01:16:54,855 [ERROR] Search failed for 'NUC' page 1: 500 Server Error: Internal Server Error for url: https://buyerapi.shopgoodwill.com/api/Search/ItemListing
2026-06-21 01:16:56,856 [INFO] Searching: 'small form factor'
2026-06-21 01:17:01,141 [ERROR] Search failed for 'small form factor' page 2: 500 Server Error: Internal Server Error for url: https://buyerapi.shopgoodwill.com/api/Search/ItemListing
2026-06-21 01:17:03,142 [INFO] Searching: 'GEEKOM'
2026-06-21 01:17:03,592 [ERROR] Search failed for 'GEEKOM' page 1: 500 Server Error: Internal Server Error for url: https://buyerapi.shopgoodwill.com/api/Search/ItemListing
2026-06-21 01:17:05,592 [INFO] Searching: 'Beelink'
2026-06-21 01:17:06,059 [ERROR] Search failed for 'Beelink' page 1: 500 Server Error: Internal Server Error for url: https://buyerapi.shopgoodwill.com/api/Search/ItemListing
2026-06-21 01:17:08,060 [INFO] Searching: 'Minisforum'
2026-06-21 01:17:08,590 [ERROR] Search failed for 'Minisforum' page 1: 500 Server Error: Internal Server Error for url: https://buyerapi.shopgoodwill.com/api/Search/ItemListing
2026-06-21 01:17:10,590 [INFO] Searching: 'tiny desktop'
2026-06-21 01:17:11,120 [ERROR] Search failed for 'tiny desktop' page 1: 500 Server Error: Internal Server Error for url: https://buyerapi.shopgoodwill.com/api/Search/ItemListing
2026-06-21 01:17:13,121 [INFO] Searching: 'ThinkCentre Tiny'
2026-06-21 01:17:13,621 [ERROR] Search failed for 'ThinkCentre Tiny' page 1: 500 Server Error: Internal Server Error for url: https://buyerapi.shopgoodwill.com/api/Search/ItemListing
2026-06-21 01:17:15,621 [INFO] Searching: 'OptiPlex Micro'
2026-06-21 01:17:16,129 [ERROR] Search failed for 'OptiPlex Micro' page 1: 500 Server Error: Internal Server Error for url: https://buyerapi.shopgoodwill.com/api/Search/ItemListing
2026-06-21 01:17:18,131 [INFO] 
Scan complete. Found 1 new matching listings.
2026-06-21 01:19:45,683 [INFO] ============================================================
2026-06-21 01:19:45,683 [INFO] Starting ShopGoodwill Mini PC scan at 2026-06-21T01:19:45.683762
2026-06-21 01:19:45,683 [INFO] ============================================================
2026-06-21 01:19:45,684 [INFO] Searching: 'mini pc'
2026-06-21 01:19:51,584 [WARNING]   500 error, retrying in 5s...
2026-06-21 01:19:57,159 [WARNING]   500 error, retrying in 10s...
2026-06-21 01:20:07,675 [WARNING]   500 error, retrying in 15s...
2026-06-21 01:20:25,677 [INFO] Searching: 'mini desktop'
2026-06-21 01:20:31,085 [WARNING]   500 error, retrying in 5s...
2026-06-21 01:20:38,546 [WARNING]   500 error, retrying in 10s...
2026-06-21 01:20:49,068 [WARNING]   500 error, retrying in 15s...
2026-06-21 01:21:07,069 [INFO] Searching: 'NUC'
2026-06-21 01:21:07,505 [WARNING]   500 error, retrying in 5s...
2026-06-21 01:21:13,092 [WARNING]   500 error, retrying in 10s...
2026-06-21 01:21:23,539 [WARNING]   500 error, retrying in 15s...
2026-06-21 01:21:41,540 [INFO] Searching: 'small form factor'
2026-06-21 01:21:45,186 [WARNING]   500 error, retrying in 5s...
2026-06-21 01:21:52,515 [WARNING]   500 error, retrying in 10s...
2026-06-21 01:22:03,300 [WARNING]   500 error, retrying in 15s...
2026-06-21 01:22:21,301 [INFO] Searching: 'GEEKOM'
2026-06-21 01:22:21,890 [WARNING]   500 error, retrying in 5s...
2026-06-21 01:22:27,374 [WARNING]   500 error, retrying in 10s...
2026-06-21 01:22:37,847 [WARNING]   500 error, retrying in 15s...
2026-06-21 01:24:10,860 [INFO] ============================================================
2026-06-21 01:24:10,860 [INFO] Starting ShopGoodwill Mini PC scan at 2026-06-21T01:24:10.860229
2026-06-21 01:24:10,860 [INFO] ============================================================
2026-06-21 01:24:10,860 [INFO] Searching: 'mini pc'
2026-06-21 01:24:28,694 [WARNING]   500 from Search/ItemListing, waiting 8s (attempt 1/4)...
2026-06-21 01:24:37,186 [WARNING]   500 from Search/ItemListing, waiting 16s (attempt 2/4)...
2026-06-21 01:24:55,155 [WARNING]   500 from Search/ItemListing, waiting 24s (attempt 3/4)...
2026-06-21 01:25:19,700 [WARNING]   500 from Search/ItemListing, waiting 32s (attempt 4/4)...
2026-06-21 01:26:07,701 [INFO] Searching: 'NUC'
2026-06-21 01:26:08,164 [WARNING]   500 from Search/ItemListing, waiting 8s (attempt 1/4)...
2026-06-21 01:26:16,644 [WARNING]   500 from Search/ItemListing, waiting 16s (attempt 2/4)...
2026-06-21 01:26:33,156 [WARNING]   500 from Search/ItemListing, waiting 24s (attempt 3/4)...
2026-06-21 01:26:57,629 [WARNING]   500 from Search/ItemListing, waiting 32s (attempt 4/4)...
2026-06-21 01:27:45,631 [INFO] Searching: 'GEEKOM'
2026-06-21 01:27:46,168 [WARNING]   500 from Search/ItemListing, waiting 8s (attempt 1/4)...
2026-06-21 01:27:54,677 [WARNING]   500 from Search/ItemListing, waiting 16s (attempt 2/4)...
2026-06-21 01:28:11,146 [WARNING]   500 from Search/ItemListing, waiting 24s (attempt 3/4)...
2026-06-21 01:28:35,603 [WARNING]   500 from Search/ItemListing, waiting 32s (attempt 4/4)...
2026-06-21 01:30:28,702 [INFO] ============================================================
2026-06-21 01:30:28,702 [INFO] Starting ShopGoodwill Mini PC scan at 2026-06-21T01:30:28.702132
2026-06-21 01:30:28,702 [INFO] ============================================================
2026-06-21 01:30:29,494 [INFO] Searching: 'mini pc'
2026-06-21 01:30:34,678 [WARNING]   500 from Search/ItemListing, waiting 10s...
2026-06-21 01:30:45,376 [WARNING]   500 from Search/ItemListing, waiting 20s...
2026-06-21 01:31:06,038 [WARNING]   500 from Search/ItemListing, waiting 30s...
2026-06-21 01:31:42,212 [INFO] Searching: 'NUC'
2026-06-21 01:31:42,695 [WARNING]   500 from Search/ItemListing, waiting 10s...
2026-06-21 01:31:53,554 [WARNING]   500 from Search/ItemListing, waiting 20s...
2026-06-21 01:32:14,197 [WARNING]   500 from Search/ItemListing, waiting 30s...
2026-06-21 01:32:50,372 [INFO] Searching: 'GEEKOM'
2026-06-21 01:32:50,823 [WARNING]   500 from Search/ItemListing, waiting 10s...
2026-06-21 01:33:01,511 [WARNING]   500 from Search/ItemListing, waiting 20s...
2026-06-21 01:33:23,676 [WARNING]   500 from Search/ItemListing, waiting 30s...
2026-06-21 01:33:59,851 [INFO] Searching: 'Beelink'
2026-06-21 01:34:00,345 [WARNING]   500 from Search/ItemListing, waiting 10s...
2026-06-21 01:34:10,983 [WARNING]   500 from Search/ItemListing, waiting 20s...
2026-06-21 01:34:31,650 [WARNING]   500 from Search/ItemListing, waiting 30s...
2026-06-21 01:35:09,627 [INFO] Searching: 'tiny desktop'
2026-06-21 01:35:11,181 [WARNING]   500 from Search/ItemListing, waiting 10s...
2026-06-21 01:35:21,845 [WARNING]   500 from Search/ItemListing, waiting 20s...
2026-06-21 01:36:19,399 [INFO] ============================================================
2026-06-21 01:36:19,399 [INFO] Starting ShopGoodwill Mini PC scan at 2026-06-21T01:36:19.399466
2026-06-21 01:36:19,399 [INFO] ============================================================
2026-06-21 01:36:20,201 [INFO] Searching: 'mini pc'
2026-06-21 01:36:23,453 [INFO]   ✓ MATCH: Origimagic C4 Mini Pc 512gb Ssd Wifi 5 Lan Desktop Computer
2026-06-21 01:36:23,453 [INFO]     Price: $120.0  Buy Now: $0.0
2026-06-21 01:36:23,453 [INFO]     URL: https://shopgoodwill.com/item/267800898
2026-06-21 01:36:30,959 [WARNING]   500 from Search/ItemListing, waiting 10s...
2026-06-21 01:36:41,624 [WARNING]   500 from Search/ItemListing, waiting 20s...
2026-06-21 01:37:02,370 [WARNING]   500 from Search/ItemListing, waiting 30s...
2026-06-21 01:37:38,546 [INFO] Searching: 'NUC'
2026-06-21 01:37:39,067 [WARNING]   500 from Search/ItemListing, waiting 10s...
2026-06-21 01:37:49,731 [WARNING]   500 from Search/ItemListing, waiting 20s...
2026-06-21 01:38:10,371 [WARNING]   500 from Search/ItemListing, waiting 30s...
2026-06-21 01:38:46,547 [INFO] Searching: 'GEEKOM'
2026-06-21 01:38:47,039 [WARNING]   500 from Search/ItemListing, waiting 10s...
2026-06-21 01:38:57,654 [WARNING]   500 from Search/ItemListing, waiting 20s...
2026-06-21 01:39:19,404 [WARNING]   500 from Search/ItemListing, waiting 30s...
2026-06-21 01:39:55,582 [INFO] Searching: 'Beelink'
2026-06-21 01:39:56,042 [WARNING]   500 from Search/ItemListing, waiting 10s...
2026-06-21 01:40:06,713 [WARNING]   500 from Search/ItemListing, waiting 20s...
2026-06-21 01:40:27,405 [WARNING]   500 from Search/ItemListing, waiting 30s...
2026-06-21 01:41:04,232 [INFO] Searching: 'tiny desktop'
2026-06-21 01:41:07,008 [WARNING]   500 from Search/ItemListing, waiting 10s...
2026-06-21 01:41:17,655 [WARNING]   500 from Search/ItemListing, waiting 20s...
2026-06-21 01:41:38,362 [WARNING]   500 from Search/ItemListing, waiting 30s...
2026-06-21 01:42:14,543 [INFO] 
Scan complete. Found 1 new matching listings.
2026-06-21 02:00:20,046 [INFO] ============================================================
2026-06-21 02:00:20,046 [INFO] Starting ShopGoodwill Mini PC scan at 2026-06-21T02:00:20.046198
2026-06-21 02:00:20,046 [INFO] ============================================================
2026-06-21 02:00:20,875 [INFO] Searching: 'mini pc' (up to 2 pages)
2026-06-21 02:00:24,751 [INFO]   Page 1: 40 items
2026-06-21 02:00:27,205 [INFO]   ✓ MATCH: Origimagic C4 Mini Pc 512gb Ssd Wifi 5 Lan Desktop Computer
2026-06-21 02:00:27,205 [INFO]     Price: $120.0  Buy Now: $0.0
2026-06-21 02:00:27,205 [INFO]     URL: https://shopgoodwill.com/item/267800898
2026-06-21 02:00:30,517 [WARNING]   500 error, waiting 30s...
2026-06-21 02:01:01,165 [WARNING]   500 error, waiting 60s...
2026-06-21 02:02:01,834 [WARNING]   500 error, waiting 90s...
2026-06-21 02:03:32,738 [INFO]   No results for 'mini pc' page 2
2026-06-21 02:03:37,738 [INFO] Searching: 'NUC' (up to 1 pages)
2026-06-21 02:03:39,324 [WARNING]   500 error, waiting 30s...
2026-06-21 02:04:10,292 [WARNING]   500 error, waiting 60s...
2026-06-21 02:05:10,973 [WARNING]   500 error, waiting 90s...
2026-06-21 02:10:30,519 [INFO] ============================================================
2026-06-21 02:10:30,520 [INFO] Starting ShopGoodwill Mini PC scan at 2026-06-21T02:10:30.520115
2026-06-21 02:10:30,520 [INFO] ============================================================
2026-06-21 02:10:31,336 [INFO] Searching: 'mini pc' (up to 2 pages)
2026-06-21 02:10:32,929 [INFO]   Page 1: 40 items
2026-06-21 02:10:34,778 [INFO]   ✓ MATCH: Origimagic C4 Mini Pc 512gb Ssd Wifi 5 Lan Desktop Computer
2026-06-21 02:10:34,778 [INFO]     Price: $120.0  Buy Now: $0.0
2026-06-21 02:10:34,778 [INFO]     URL: https://shopgoodwill.com/item/267800898
2026-06-21 02:10:38,147 [WARNING]   500 error, waiting 30s...
2026-06-21 02:11:08,932 [WARNING]   500 error, waiting 60s...
2026-06-21 02:12:09,755 [WARNING]   500 error, waiting 90s...
2026-06-21 02:14:13,842 [INFO] ============================================================
2026-06-21 02:14:13,842 [INFO] ShopGoodwill Mini PC scan — 2026-06-21T02:14:13.842701
2026-06-21 02:14:13,842 [INFO] ============================================================
2026-06-21 02:14:14,665 [INFO] Using query: 'mini pc' (rotation 1/4)
2026-06-21 02:14:16,254 [INFO] Got 40 items
2026-06-21 02:14:17,881 [INFO]   ✓ Origimagic C4 Mini Pc 512gb Ssd Wifi 5 Lan Desktop Computer
2026-06-21 02:14:17,881 [INFO]     $120.0 (BN: $0.0)  https://shopgoodwill.com/item/267800898
2026-06-21 02:14:18,707 [INFO] Done. 1 new matches.
2026-06-21 03:06:22,578 [INFO] ============================================================
2026-06-21 03:06:22,578 [INFO] ShopGoodwill Mini PC scan — 2026-06-21T03:06:22.578248
2026-06-21 03:06:22,578 [INFO] ============================================================
2026-06-21 03:06:31,880 [INFO] Using query: 'mini pc' (rotation 1/4)
2026-06-21 03:06:35,316 [INFO] Got 40 items
2026-06-21 03:06:36,997 [INFO]   ✓ Origimagic C4 Mini Pc 512gb Ssd Wifi 5 Lan Desktop Computer
2026-06-21 03:06:36,997 [INFO]     $120.0 (BN: $0.0)  https://shopgoodwill.com/item/267800898
2026-06-21 03:06:37,806 [INFO] HTML page written to /workspace/minipc-search/index.html
2026-06-21 03:06:37,807 [INFO] Done. 1 new matches.
2026-06-25 23:10:36,269 [INFO] ============================================================
2026-06-25 23:10:36,269 [INFO] ShopGoodwill Mini PC scan — 2026-06-25T23:10:36.269293
2026-06-25 23:10:36,269 [INFO] ============================================================
2026-06-25 23:10:37,128 [INFO] Using query: 'NUC' (rotation 2/4)
2026-06-25 23:10:38,696 [WARNING]   Search returned 500: {"message":"An error has occurred."}
2026-06-25 23:10:38,696 [INFO] No results or API error.
2026-06-25 23:10:38,697 [INFO] HTML page written to /workspace/minipc-search/index.html
2026-06-25 23:11:05,035 [INFO] ============================================================
2026-06-25 23:11:05,035 [INFO] ShopGoodwill Mini PC scan — 2026-06-25T23:11:05.035904
2026-06-25 23:11:05,035 [INFO] ============================================================
2026-06-25 23:11:05,841 [INFO] Using query: 'NUC' (rotation 2/4)
2026-06-25 23:11:07,364 [WARNING]   Search returned 500: {"message":"An error has occurred."}
2026-06-25 23:11:07,365 [INFO] No results or API error.
2026-06-25 23:11:07,365 [INFO] HTML page written to /workspace/dashboards/minipc-search/index.html
2026-06-27 09:01:05,256 [INFO] ============================================================
2026-06-27 09:01:05,257 [INFO] ShopGoodwill Mini PC scan — 2026-06-27T09:01:05.257092
2026-06-27 09:01:05,257 [INFO] ============================================================
2026-06-27 09:01:07,281 [INFO] Using query: 'GEEKOM' (rotation 3/4)
2026-06-27 09:01:08,825 [WARNING]   Search returned 500: {"message":"An error has occurred."}
2026-06-27 09:01:08,825 [INFO] No results or API error.
2026-06-27 09:01:59,055 [INFO] ============================================================
2026-06-27 09:01:59,055 [INFO] ShopGoodwill Mini PC scan — 2026-06-27T09:01:59.055533
2026-06-27 09:01:59,055 [INFO] ============================================================
2026-06-27 09:01:59,873 [INFO] Using query: 'GEEKOM' (rotation 3/4)
2026-06-27 09:02:01,443 [WARNING]   Search returned 500: {"message":"An error has occurred."}
2026-06-27 09:02:01,443 [INFO] No results or API error.
2026-06-27 09:02:01,444 [INFO] HTML page written to /opt/dockge/stacks/hermes/workspace/dashboards/goodwill-minipc-scanner/output/index.html
2026-06-29 09:00:43,250 [INFO] ============================================================
2026-06-29 09:00:43,250 [INFO] ShopGoodwill Mini PC scan — 2026-06-29T09:00:43.250734
2026-06-29 09:00:43,250 [INFO] ============================================================
2026-06-29 09:00:44,065 [INFO] Using query: 'GEEKOM' (rotation 3/4)
2026-06-29 09:00:45,741 [WARNING]   Search returned 500: {"message":"An error has occurred."}
2026-06-29 09:00:45,742 [INFO] No results or API error.
2026-06-30 09:01:48,452 [INFO] ============================================================
2026-06-30 09:01:48,452 [INFO] ShopGoodwill Mini PC scan — 2026-06-30T09:01:48.452926
2026-06-30 09:01:48,452 [INFO] ============================================================
2026-06-30 09:01:49,263 [INFO] Using query: 'GEEKOM' (rotation 3/4)
2026-06-30 09:01:51,373 [WARNING]   Search returned 500: {"message":"An error has occurred."}
2026-06-30 09:01:51,373 [INFO] No results or API error.
